
> ecommerce-api@1.0.0 test
> jest --runInBand

node.exe : (node:19836) DeprecationWarning: 
Calling client.query() when the client is 
already executing a query is deprecated and 
will be removed in pg@9.0. Use async/await or 
an external async flow control mechanism 
instead.
At line:1 char:1
+ & "C:\Program Files\nodejs/node.exe" 
"C:\Users\BOAKYE\AppData\Roaming ...
+ ~~~~~~~~~~~~~~~~~~~~~~~~~~~~~~~~~~~~~~~~~~~~~
~~~~~~~~~~~~~~~~~~~~~~~~
    + CategoryInfo          : NotSpecified: (( 
   node:19836) De...hanism instead.:String) [  
  ], RemoteException
    + FullyQualifiedErrorId : NativeCommandErr 
   or
 
(Use `node --trace-deprecation ...` to show 
where the warning was created)
[0mPOST /auth/register [32m201[0m 305.159 ms - 795[0m
[0mPOST /auth/login [32m200[0m 273.964 ms - 795[0m
[0mPOST /auth/login [32m200[0m 255.377 ms - 784[0m
[0mPOST /auth/register [32m201[0m 282.124 ms - 790[0m
[0mPOST /auth/login [32m200[0m 254.268 ms - 790[0m
[0mPOST /categories [32m201[0m 23.511 ms - 120[0m
[0mPOST /categories [32m201[0m 16.976 ms - 108[0m
[0mGET /categories [32m200[0m 3.556 ms - 231[0m
[0mGET /categories/84502bf8-3a73-4149-bb87-421fa80c8768 [32m200[0m 4.336 ms - 120[0m
[0mPUT /categories/84502bf8-3a73-4149-bb87-421fa80c8768 [32m200[0m 20.763 ms - 128[0m
FAIL src/tests/categories.test.ts (5.727 s)
  ÔùÅ Console

    console.log
      [dotenv@17.3.1] injecting env (18) from 
.env -- tip: ÔÜÖ´©Å  override existing env 
vars with { override: true }

      at _log 
(node_modules/dotenv/lib/main.js:139:11)

    console.log
      [dotenv@17.3.1] injecting env (0) from 
.env -- tip: ÔÜÖ´©Å  specify custom .env file 
path with { path: '/custom/path/.env' }

      at _log 
(node_modules/dotenv/lib/main.js:139:11)

    console.log
      [dotenv@17.3.1] injecting env (0) from 
.env -- tip: ÔÜÖ´©Å  write to custom object 
with { processEnv: myObject }

      at _log 
(node_modules/dotenv/lib/main.js:139:11)

    console.log
      [dotenv@17.3.1] injecting env (0) from 
.env -- tip: ÔÜÖ´©Å  suppress all logs with { 
quiet: true }

      at _log 
(node_modules/dotenv/lib/main.js:139:11)

    console.log
      [dotenv@17.3.1] injecting env (0) from 
.env -- tip: ÔÜÖ´©Å  specify custom .env file 
path with { path: '/custom/path/.env' }

      at _log 
(node_modules/dotenv/lib/main.js:139:11)

    console.log
      [dotenv@17.3.1] injecting env (0) from 
.env -- tip: ÔÜÖ´©Å  write to custom object 
with { processEnv: myObject }

      at _log 
(node_modules/dotenv/lib/main.js:139:11)

    console.error
      ValidationError: A Store instance must 
not be shared across multiple rate limiters. 
Create a new instance of MemoryStore for each 
limiter instead. See https://express-rate-limit
.github.io/ERR_ERL_STORE_REUSE/ for more 
information.
          at Object.unsharedStore (D:\Ecommerce
BackendAPI\ecommerce-api\node_modules\express-r
ate-limit\dist\index.cjs:411:13)
          at 
Object.wrappedValidations.<computed> [as 
unsharedStore] (D:\EcommerceBackendAPI\ecommerc
e-api\node_modules\express-rate-limit\dist\inde
x.cjs:685:22)
          at rateLimit (D:\EcommerceBackendAPI\
ecommerce-api\node_modules\express-rate-limit\d
ist\index.cjs:839:22)
          at Object.<anonymous> (D:\EcommerceBa
ckendAPI\ecommerce-api\src\middlewares\rateLimi
ter.ts:33:42)
          at Runtime._execModule (D:\EcommerceB
ackendAPI\ecommerce-api\node_modules\jest-runti
me\build\index.js:1264:24)
          at Runtime._loadModule (D:\EcommerceB
ackendAPI\ecommerce-api\node_modules\jest-runti
me\build\index.js:940:12)
          at Runtime.requireModule (D:\Ecommerc
eBackendAPI\ecommerce-api\node_modules\jest-run
time\build\index.js:828:12)
          at Runtime.requireModuleOrMock (D:\Ec
ommerceBackendAPI\ecommerce-api\node_modules\je
st-runtime\build\index.js:960:21)
          at Object.<anonymous> (D:\EcommerceBa
ckendAPI\ecommerce-api\src\modules\auth\auth.se
rvice.ts:18:1)
          at Runtime._execModule (D:\EcommerceB
ackendAPI\ecommerce-api\node_modules\jest-runti
me\build\index.js:1264:24)
          at Runtime._loadModule (D:\EcommerceB
ackendAPI\ecommerce-api\node_modules\jest-runti
me\build\index.js:940:12)
          at Runtime.requireModule (D:\Ecommerc
eBackendAPI\ecommerce-api\node_modules\jest-run
time\build\index.js:828:12)
          at Runtime.requireModuleOrMock (D:\Ec
ommerceBackendAPI\ecommerce-api\node_modules\je
st-runtime\build\index.js:960:21)
          at Object.<anonymous> (D:\EcommerceBa
ckendAPI\ecommerce-api\src\modules\auth\auth.co
ntroller.ts:12:1)
          at Runtime._execModule (D:\EcommerceB
ackendAPI\ecommerce-api\node_modules\jest-runti
me\build\index.js:1264:24)
          at Runtime._loadModule (D:\EcommerceB
ackendAPI\ecommerce-api\node_modules\jest-runti
me\build\index.js:940:12)
          at Runtime.requireModule (D:\Ecommerc
eBackendAPI\ecommerce-api\node_modules\jest-run
time\build\index.js:828:12)
          at Runtime.requireModuleOrMock (D:\Ec
ommerceBackendAPI\ecommerce-api\node_modules\je
st-runtime\build\index.js:960:21)
          at Object.<anonymous> (D:\EcommerceBa
ckendAPI\ecommerce-api\src\routes.ts:25:1)
          at Runtime._execModule (D:\EcommerceB
ackendAPI\ecommerce-api\node_modules\jest-runti
me\build\index.js:1264:24)
          at Runtime._loadModule (D:\EcommerceB
ackendAPI\ecommerce-api\node_modules\jest-runti
me\build\index.js:940:12)
          at Runtime.requireModule (D:\Ecommerc
eBackendAPI\ecommerce-api\node_modules\jest-run
time\build\index.js:828:12)
          at Runtime.requireModuleOrMock (D:\Ec
ommerceBackendAPI\ecommerce-api\node_modules\je
st-runtime\build\index.js:960:21)
          at Object.<anonymous> (D:\EcommerceBa
ckendAPI\ecommerce-api\src\app.ts:8:1)
          at Runtime._execModule (D:\EcommerceB
ackendAPI\ecommerce-api\node_modules\jest-runti
me\build\index.js:1264:24)
          at Runtime._loadModule (D:\EcommerceB
ackendAPI\ecommerce-api\node_modules\jest-runti
me\build\index.js:940:12)
          at Runtime.requireModule (D:\Ecommerc
eBackendAPI\ecommerce-api\node_modules\jest-run
time\build\index.js:828:12)
          at Runtime.requireModuleOrMock (D:\Ec
ommerceBackendAPI\ecommerce-api\node_modules\je
st-runtime\build\index.js:960:21)
          at Object.<anonymous> (D:\EcommerceBa
ckendAPI\ecommerce-api\src\tests\testHelpers.ts
:3:1)
          at Runtime._execModule (D:\EcommerceB
ackendAPI\ecommerce-api\node_modules\jest-runti
me\build\index.js:1264:24)
          at Runtime._loadModule (D:\EcommerceB
ackendAPI\ecommerce-api\node_modules\jest-runti
me\build\index.js:940:12)
          at Runtime.requireModule (D:\Ecommerc
eBackendAPI\ecommerce-api\node_modules\jest-run
time\build\index.js:828:12)
          at Runtime.requireModuleOrMock (D:\Ec
ommerceBackendAPI\ecommerce-api\node_modules\je
st-runtime\build\index.js:960:21)
          at Object.<anonymous> (D:\EcommerceBa
ckendAPI\ecommerce-api\src\tests\categories.tes
t.ts:2:1)
          at Runtime._execModule (D:\EcommerceB
ackendAPI\ecommerce-api\node_modules\jest-runti
me\build\index.js:1264:24)
          at Runtime._loadModule (D:\EcommerceB
ackendAPI\ecommerce-api\node_modules\jest-runti
me\build\index.js:940:12)
          at Runtime.requireModule (D:\Ecommerc
eBackendAPI\ecommerce-api\node_modules\jest-run
time\build\index.js:828:12)
          at jestAdapter (D:\EcommerceBackendAP
I\ecommerce-api\node_modules\jest-circus\build\
runner.js:95:13)
          at runTestInternal (D:\EcommerceBacke
ndAPI\ecommerce-api\node_modules\jest-runner\bu
ild\index.js:275:16)
          at runTest (D:\EcommerceBackendAPI\ec
ommerce-api\node_modules\jest-runner\build\inde
x.js:343:7) {
        code: 'ERR_ERL_STORE_REUSE',
        help: 'https://express-rate-limit.githu
b.io/ERR_ERL_STORE_REUSE/'
      }

    [0m [90m 31 |[39m
     [90m 32 |[39m [90m// Stricter limiter 
specifically for login[39m
    [31m[1m>[22m[39m[90m 33 |[39m 
[36mexport[39m [36mconst[39m 
loginRateLimiter [33m=[39m rateLimit({
     [90m    |[39m                           
               [31m[1m^[22m[39m
     [90m 34 |[39m   windowMs[33m:[39m 
[35m15[39m [33m*[39m [35m60[39m 
[33m*[39m [35m1000[39m[33m,[39m
     [90m 35 |[39m   max[33m:[39m 
[35m10[39m[33m,[39m
     [90m 36 |[39m   
standardHeaders[33m:[39m 
[36mtrue[39m[33m,[39m[0m

      at Object.wrappedValidations.<computed> 
[as unsharedStore] (node_modules/express-rate-l
imit/dist/index.cjs:691:24)
      at rateLimit (node_modules/express-rate-l
imit/dist/index.cjs:839:22)
      at Object.<anonymous> 
(src/middlewares/rateLimiter.ts:33:42)
      at Object.<anonymous> 
(src/modules/auth/auth.service.ts:18:1)
      at Object.<anonymous> 
(src/modules/auth/auth.controller.ts:12:1)
      at Object.<anonymous> 
(src/routes.ts:25:1)
      at Object.<anonymous> (src/app.ts:8:1)
      at Object.<anonymous> 
(src/tests/testHelpers.ts:3:1)
      at Object.<anonymous> 
(src/tests/categories.test.ts:2:1)

  ÔùÅ Categories API Integration Tests ÔÇ║ 
should prevent non-admins from creating 
categories

    expect(received).toBe(expected) // 
Object.is equality

    Expected: 403
    Received: 201

    [0m [90m 40 |[39m       })[33m;[39m
     [90m 41 |[39m       
    [31m[1m>[22m[39m[90m 42 |[39m     exp
ect(res[33m.[39mstatus)[33m.[39mtoBe([35m4
03[39m)[33m;[39m
     [90m    |[39m                        
[31m[1m^[22m[39m
     [90m 43 |[39m   })[33m;[39m
     [90m 44 |[39m
     [90m 45 |[39m   it([32m'should fetch 
all categories publicly'[39m[33m,[39m 
[36masync[39m () [33m=>[39m {[0m

      at Object.<anonymous> 
(src/tests/categories.test.ts:42:24)

[0mDELETE /categories/84502bf8-3a73-4149-bb87-421fa80c8768 [32m204[0m 14.366 ms - -[0m
[0mGET /categories/84502bf8-3a73-4149-bb87-421fa80c8768 [33m404[0m 2.486 ms - 163[0m
(node:19836) DeprecationWarning: Calling 
client.query() when the client is already 
executing a query is deprecated and will be 
removed in pg@9.0. Use async/await or an 
external async flow control mechanism instead.
[0mPOST /auth/register [32m201[0m 321.494 ms - 798[0m
[0mPOST /auth/login [32m200[0m 263.465 ms - 798[0m
[0mPOST /auth/login [32m200[0m 264.106 ms - 787[0m
[0mPOST /auth/register [32m201[0m 270.748 ms - 809[0m
[0mPOST /auth/login [32m200[0m 261.436 ms - 809[0m
[0mGET /admin/users [32m200[0m 5.647 ms - 427[0m
[0mGET /admin/users [33m403[0m 2.680 ms - 131[0m
[0mPOST /admin/users/def1b176-2c51-4e2c-8e7f-a5d7be7c0f5b/status [32m200[0m 10.620 ms - 110[0m
[0mGET /admin/orders [32m200[0m 7.779 ms - 56[0m
[0mGET /admin/inventory/low-stock [32m200[0m 6.319 ms - 44[0m
FAIL src/tests/admin.test.ts
  ÔùÅ Console

    console.log
      [dotenv@17.3.1] injecting env (18) from 
.env -- tip: ÔÜÖ´©Å  suppress all logs with { 
quiet: true }

      at _log 
(node_modules/dotenv/lib/main.js:139:11)

    console.log
      [dotenv@17.3.1] injecting env (0) from 
.env -- tip: ÔÜí´©Å secrets for agents: 
https://dotenvx.com/as2

      at _log 
(node_modules/dotenv/lib/main.js:139:11)

    console.log
      [dotenv@17.3.1] injecting env (0) from 
.env -- tip: ÔÜÖ´©Å  write to custom object 
with { processEnv: myObject }

      at _log 
(node_modules/dotenv/lib/main.js:139:11)

    console.log
      [dotenv@17.3.1] injecting env (0) from 
.env -- tip: ƒöÉ prevent committing .env to 
code: https://dotenvx.com/precommit

      at _log 
(node_modules/dotenv/lib/main.js:139:11)

    console.log
      [dotenv@17.3.1] injecting env (0) from 
.env -- tip: ƒöÉ prevent committing .env to 
code: https://dotenvx.com/precommit

      at _log 
(node_modules/dotenv/lib/main.js:139:11)

    console.log
      [dotenv@17.3.1] injecting env (0) from 
.env -- tip: ƒöÉ prevent building .env in 
docker: https://dotenvx.com/prebuild

      at _log 
(node_modules/dotenv/lib/main.js:139:11)

    console.error
      ValidationError: A Store instance must 
not be shared across multiple rate limiters. 
Create a new instance of MemoryStore for each 
limiter instead. See https://express-rate-limit
.github.io/ERR_ERL_STORE_REUSE/ for more 
information.
          at Object.unsharedStore (D:\Ecommerce
BackendAPI\ecommerce-api\node_modules\express-r
ate-limit\dist\index.cjs:411:13)
          at 
Object.wrappedValidations.<computed> [as 
unsharedStore] (D:\EcommerceBackendAPI\ecommerc
e-api\node_modules\express-rate-limit\dist\inde
x.cjs:685:22)
          at rateLimit (D:\EcommerceBackendAPI\
ecommerce-api\node_modules\express-rate-limit\d
ist\index.cjs:839:22)
          at Object.<anonymous> (D:\EcommerceBa
ckendAPI\ecommerce-api\src\middlewares\rateLimi
ter.ts:33:42)
          at Runtime._execModule (D:\EcommerceB
ackendAPI\ecommerce-api\node_modules\jest-runti
me\build\index.js:1264:24)
          at Runtime._loadModule (D:\EcommerceB
ackendAPI\ecommerce-api\node_modules\jest-runti
me\build\index.js:940:12)
          at Runtime.requireModule (D:\Ecommerc
eBackendAPI\ecommerce-api\node_modules\jest-run
time\build\index.js:828:12)
          at Runtime.requireModuleOrMock (D:\Ec
ommerceBackendAPI\ecommerce-api\node_modules\je
st-runtime\build\index.js:960:21)
          at Object.<anonymous> (D:\EcommerceBa
ckendAPI\ecommerce-api\src\modules\auth\auth.se
rvice.ts:18:1)
          at Runtime._execModule (D:\EcommerceB
ackendAPI\ecommerce-api\node_modules\jest-runti
me\build\index.js:1264:24)
          at Runtime._loadModule (D:\EcommerceB
ackendAPI\ecommerce-api\node_modules\jest-runti
me\build\index.js:940:12)
          at Runtime.requireModule (D:\Ecommerc
eBackendAPI\ecommerce-api\node_modules\jest-run
time\build\index.js:828:12)
          at Runtime.requireModuleOrMock (D:\Ec
ommerceBackendAPI\ecommerce-api\node_modules\je
st-runtime\build\index.js:960:21)
          at Object.<anonymous> (D:\EcommerceBa
ckendAPI\ecommerce-api\src\modules\auth\auth.co
ntroller.ts:12:1)
          at Runtime._execModule (D:\EcommerceB
ackendAPI\ecommerce-api\node_modules\jest-runti
me\build\index.js:1264:24)
          at Runtime._loadModule (D:\EcommerceB
ackendAPI\ecommerce-api\node_modules\jest-runti
me\build\index.js:940:12)
          at Runtime.requireModule (D:\Ecommerc
eBackendAPI\ecommerce-api\node_modules\jest-run
time\build\index.js:828:12)
          at Runtime.requireModuleOrMock (D:\Ec
ommerceBackendAPI\ecommerce-api\node_modules\je
st-runtime\build\index.js:960:21)
          at Object.<anonymous> (D:\EcommerceBa
ckendAPI\ecommerce-api\src\routes.ts:25:1)
          at Runtime._execModule (D:\EcommerceB
ackendAPI\ecommerce-api\node_modules\jest-runti
me\build\index.js:1264:24)
          at Runtime._loadModule (D:\EcommerceB
ackendAPI\ecommerce-api\node_modules\jest-runti
me\build\index.js:940:12)
          at Runtime.requireModule (D:\Ecommerc
eBackendAPI\ecommerce-api\node_modules\jest-run
time\build\index.js:828:12)
          at Runtime.requireModuleOrMock (D:\Ec
ommerceBackendAPI\ecommerce-api\node_modules\je
st-runtime\build\index.js:960:21)
          at Object.<anonymous> (D:\EcommerceBa
ckendAPI\ecommerce-api\src\app.ts:8:1)
          at Runtime._execModule (D:\EcommerceB
ackendAPI\ecommerce-api\node_modules\jest-runti
me\build\index.js:1264:24)
          at Runtime._loadModule (D:\EcommerceB
ackendAPI\ecommerce-api\node_modules\jest-runti
me\build\index.js:940:12)
          at Runtime.requireModule (D:\Ecommerc
eBackendAPI\ecommerce-api\node_modules\jest-run
time\build\index.js:828:12)
          at Runtime.requireModuleOrMock (D:\Ec
ommerceBackendAPI\ecommerce-api\node_modules\je
st-runtime\build\index.js:960:21)
          at Object.<anonymous> (D:\EcommerceBa
ckendAPI\ecommerce-api\src\tests\testHelpers.ts
:3:1)
          at Runtime._execModule (D:\EcommerceB
ackendAPI\ecommerce-api\node_modules\jest-runti
me\build\index.js:1264:24)
          at Runtime._loadModule (D:\EcommerceB
ackendAPI\ecommerce-api\node_modules\jest-runti
me\build\index.js:940:12)
          at Runtime.requireModule (D:\Ecommerc
eBackendAPI\ecommerce-api\node_modules\jest-run
time\build\index.js:828:12)
          at Runtime.requireModuleOrMock (D:\Ec
ommerceBackendAPI\ecommerce-api\node_modules\je
st-runtime\build\index.js:960:21)
          at Object.<anonymous> (D:\EcommerceBa
ckendAPI\ecommerce-api\src\tests\admin.test.ts:
2:1)
          at Runtime._execModule (D:\EcommerceB
ackendAPI\ecommerce-api\node_modules\jest-runti
me\build\index.js:1264:24)
          at Runtime._loadModule (D:\EcommerceB
ackendAPI\ecommerce-api\node_modules\jest-runti
me\build\index.js:940:12)
          at Runtime.requireModule (D:\Ecommerc
eBackendAPI\ecommerce-api\node_modules\jest-run
time\build\index.js:828:12)
          at jestAdapter (D:\EcommerceBackendAP
I\ecommerce-api\node_modules\jest-circus\build\
runner.js:95:13)
          at runTestInternal (D:\EcommerceBacke
ndAPI\ecommerce-api\node_modules\jest-runner\bu
ild\index.js:275:16)
          at runTest (D:\EcommerceBackendAPI\ec
ommerce-api\node_modules\jest-runner\build\inde
x.js:343:7) {
        code: 'ERR_ERL_STORE_REUSE',
        help: 'https://express-rate-limit.githu
b.io/ERR_ERL_STORE_REUSE/'
      }

    [0m [90m 31 |[39m
     [90m 32 |[39m [90m// Stricter limiter 
specifically for login[39m
    [31m[1m>[22m[39m[90m 33 |[39m 
[36mexport[39m [36mconst[39m 
loginRateLimiter [33m=[39m rateLimit({
     [90m    |[39m                           
               [31m[1m^[22m[39m
     [90m 34 |[39m   windowMs[33m:[39m 
[35m15[39m [33m*[39m [35m60[39m 
[33m*[39m [35m1000[39m[33m,[39m
     [90m 35 |[39m   max[33m:[39m 
[35m10[39m[33m,[39m
     [90m 36 |[39m   
standardHeaders[33m:[39m 
[36mtrue[39m[33m,[39m[0m

      at Object.wrappedValidations.<computed> 
[as unsharedStore] (node_modules/express-rate-l
imit/dist/index.cjs:691:24)
      at rateLimit (node_modules/express-rate-l
imit/dist/index.cjs:839:22)
      at Object.<anonymous> 
(src/middlewares/rateLimiter.ts:33:42)
      at Object.<anonymous> 
(src/modules/auth/auth.service.ts:18:1)
      at Object.<anonymous> 
(src/modules/auth/auth.controller.ts:12:1)
      at Object.<anonymous> 
(src/routes.ts:25:1)
      at Object.<anonymous> (src/app.ts:8:1)
      at Object.<anonymous> 
(src/tests/testHelpers.ts:3:1)
      at Object.<anonymous> 
(src/tests/admin.test.ts:2:1)

    console.log
      [DEBUG] STATUS res.body: {
        id: 
'def1b176-2c51-4e2c-8e7f-a5d7be7c0f5b',
        isActive: false,
        message: 'User account suspended 
successfully'
      }

      at Object.<anonymous> 
(src/tests/admin.test.ts:44:13)

    console.error
      Unhandled error: QueryFailedError: 
column "totalsold" does not exist
          at PostgresQueryRunner.query (D:\Ecom
merceBackendAPI\ecommerce-api\src\driver\postgr
es\PostgresQueryRunner.ts:325:19)
          at processTicksAndRejections 
(node:internal/process/task_queues:105:5)
          at SelectQueryBuilder.loadRawResults 
(D:\EcommerceBackendAPI\ecommerce-api\src\query
-builder\SelectQueryBuilder.ts:3868:25)
          at SelectQueryBuilder.getRawMany (D:\
EcommerceBackendAPI\ecommerce-api\src\query-bui
lder\SelectQueryBuilder.ts:1627:29)
          at async Promise.all (index 7)
          at AdminService.getAnalytics (D:\Ecom
merceBackendAPI\ecommerce-api\src\modules\admin
\admin.service.ts:197:9)
          at ExpressTemplateService.apiHandler 
(D:\EcommerceBackendAPI\ecommerce-api\node_modu
les\@tsoa\runtime\src\routeGeneration\templates
\express\expressTemplateService.ts:37:20)
          at AdminController_getAnalytics (D:\E
commerceBackendAPI\ecommerce-api\src\routes.ts:
2106:15) {
        query: 'SELECT "product"."id" AS 
"productId", "product"."name" AS 
"productName", SUM("item"."quantity") AS 
"totalSold", SUM("item"."unitPrice" * 
"item"."quantity") AS "revenue" FROM 
"order_items" "item" LEFT JOIN "products" 
"product" ON 
"product"."id"="item"."product_id" GROUP BY 
"product"."id", "product"."name" ORDER BY 
totalSold DESC LIMIT 5',
        parameters: [],
        driverError: error: column "totalsold" 
does not exist
            at D:\EcommerceBackendAPI\ecommerce
-api\node_modules\pg\lib\client.js:631:17
            at processTicksAndRejections 
(node:internal/process/task_queues:105:5)
            at PostgresQueryRunner.query (D:\Ec
ommerceBackendAPI\ecommerce-api\src\driver\post
gres\PostgresQueryRunner.ts:254:25)
            at 
SelectQueryBuilder.loadRawResults (D:\Ecommerce
BackendAPI\ecommerce-api\src\query-builder\Sele
ctQueryBuilder.ts:3868:25)
            at SelectQueryBuilder.getRawMany (D
:\EcommerceBackendAPI\ecommerce-api\src\query-b
uilder\SelectQueryBuilder.ts:1627:29)
            at async Promise.all (index 7)
            at AdminService.getAnalytics (D:\Ec
ommerceBackendAPI\ecommerce-api\src\modules\adm
in\admin.service.ts:197:9)
            at 
ExpressTemplateService.apiHandler (D:\Ecommerce
BackendAPI\ecommerce-api\node_modules\@tsoa\run
time\src\routeGeneration\templates\express\expr
essTemplateService.ts:37:20)
            at AdminController_getAnalytics (D:
\EcommerceBackendAPI\ecommerce-api\src\routes.t
s:2106:15) {
          length: 110,
          severity: 'ERROR',
          code: '42703',
          detail: undefined,
          hint: undefined,
          position: '316',
          internalPosition: undefined,
          internalQuery: undefined,
          where: undefined,
          schema: undefined,
          table: undefined,
          column: undefined,
          dataType: undefined,
          constraint: undefined,
          file: 'parse_relation.c',
          line: '3722',
          routine: 'errorMissingColumn'
        },
        length: 110,
        severity: 'ERROR',
        code: '42703',
        detail: undefined,
        hint: undefined,
        position: '316',
        internalPosition: undefined,
        internalQuery: undefined,
        where: undefined,
        schema: undefined,
        table: undefined,
        column: undefined,
        dataType: undefined,
        constraint: undefined,
        file: 'parse_relation.c',
        line: '3722',
        routine: 'errorMissingColumn'
      }

    [0m [90m 94 |[39m
     [90m 95 |[39m   [90m// Unknown error 
ÔÇö log it and return generic response[39m
    [31m[1m>[22m[39m[90m 96 |[39m   
console[33m.[39merror([32m'Unhandled 
error:'[39m[33m,[39m err)[33m;[39m
     [90m    |[39m           
[31m[1m^[22m[39m
     [90m 97 |[39m
     [90m 98 |[39m   [36mconst[39m 
response[33m:[39m [33mErrorResponse[39m 
[33m=[39m {
     [90m 99 |[39m     success[33m:[39m   
[36mfalse[39m[33m,[39m[0m

      at errorHandler 
(src/middlewares/errorHandler.ts:96:11)
      at Layer.handleError 
(node_modules/router/lib/layer.js:116:17)
      at trimPrefix 
(node_modules/router/index.js:340:13)
      at node_modules/router/index.js:297:9
      at processParams 
(node_modules/router/index.js:582:12)
      at next 
(node_modules/router/index.js:291:5)
      at next 
(node_modules/router/lib/route.js:132:14)
      at ExpressTemplateService.apiHandler (nod
e_modules/@tsoa/runtime/src/routeGeneration/tem
plates/express/expressTemplateService.ts:47:14)
      at AdminController_getAnalytics 
(src/routes.ts:2106:15)

  ÔùÅ Admin API Integration Tests ÔÇ║ should 
allow admin to view metrics dashboard

    expect(received).toBe(expected) // 
Object.is equality

    Expected: 200
    Received: 500

    [0m [90m 70 |[39m       [33m.[39m[36m
set[39m([32m'Authorization'[39m[33m,[39m 
[32m`Bearer ${adminToken}`[39m)[33m;[39m
     [90m 71 |[39m       
    [31m[1m>[22m[39m[90m 72 |[39m     exp
ect(res[33m.[39mstatus)[33m.[39mtoBe([35m2
00[39m)[33m;[39m
     [90m    |[39m                        
[31m[1m^[22m[39m
     [90m 73 |[39m     expect(res[33m.[39mb
ody)[33m.[39mtoHaveProperty([32m'overview'[
39m)[33m;[39m
     [90m 74 |[39m   })[33m;[39m
     [90m 75 |[39m[0m

      at Object.<anonymous> 
(src/tests/admin.test.ts:72:24)

[0mGET /admin/analytics [31m500[0m 144.191 ms - 154[0m
[0mPOST /admin/products/00000000-0000-0000-0000-000000000000/moderate [33m404[0m 7.882 ms - 176[0m
(node:19836) DeprecationWarning: Calling 
client.query() when the client is already 
executing a query is deprecated and will be 
removed in pg@9.0. Use async/await or an 
external async flow control mechanism instead.
[0mPOST /auth/register [32m201[0m 285.716 ms - 787[0m
[0mPOST /auth/login [32m200[0m 262.850 ms - 787[0m
[0mPOST /auth/register [32m201[0m 270.240 ms - 795[0m
FAIL src/tests/vendor.test.ts
  ÔùÅ Console

    console.log
      [dotenv@17.3.1] injecting env (18) from 
.env -- tip: ÔÜÖ´©Å  load multiple .env files 
with { path: ['.env.local', '.env'] }

      at _log 
(node_modules/dotenv/lib/main.js:139:11)

    console.log
      [dotenv@17.3.1] injecting env (0) from 
.env -- tip: ƒöÉ prevent building .env in 
docker: https://dotenvx.com/prebuild

      at _log 
(node_modules/dotenv/lib/main.js:139:11)

    console.log
      [dotenv@17.3.1] injecting env (0) from 
.env -- tip: ÔÜÖ´©Å  override existing env 
vars with { override: true }

      at _log 
(node_modules/dotenv/lib/main.js:139:11)

    console.log
      [dotenv@17.3.1] injecting env (0) from 
.env -- tip: ƒöÉ encrypt with Dotenvx: 
https://dotenvx.com

      at _log 
(node_modules/dotenv/lib/main.js:139:11)

    console.log
      [dotenv@17.3.1] injecting env (0) from 
.env -- tip: ƒöÉ encrypt with Dotenvx: 
https://dotenvx.com

      at _log 
(node_modules/dotenv/lib/main.js:139:11)

    console.log
      [dotenv@17.3.1] injecting env (0) from 
.env -- tip: ÔÜÖ´©Å  suppress all logs with { 
quiet: true }

      at _log 
(node_modules/dotenv/lib/main.js:139:11)

    console.error
      ValidationError: A Store instance must 
not be shared across multiple rate limiters. 
Create a new instance of MemoryStore for each 
limiter instead. See https://express-rate-limit
.github.io/ERR_ERL_STORE_REUSE/ for more 
information.
          at Object.unsharedStore (D:\Ecommerce
BackendAPI\ecommerce-api\node_modules\express-r
ate-limit\dist\index.cjs:411:13)
          at 
Object.wrappedValidations.<computed> [as 
unsharedStore] (D:\EcommerceBackendAPI\ecommerc
e-api\node_modules\express-rate-limit\dist\inde
x.cjs:685:22)
          at rateLimit (D:\EcommerceBackendAPI\
ecommerce-api\node_modules\express-rate-limit\d
ist\index.cjs:839:22)
          at Object.<anonymous> (D:\EcommerceBa
ckendAPI\ecommerce-api\src\middlewares\rateLimi
ter.ts:33:42)
          at Runtime._execModule (D:\EcommerceB
ackendAPI\ecommerce-api\node_modules\jest-runti
me\build\index.js:1264:24)
          at Runtime._loadModule (D:\EcommerceB
ackendAPI\ecommerce-api\node_modules\jest-runti
me\build\index.js:940:12)
          at Runtime.requireModule (D:\Ecommerc
eBackendAPI\ecommerce-api\node_modules\jest-run
time\build\index.js:828:12)
          at Runtime.requireModuleOrMock (D:\Ec
ommerceBackendAPI\ecommerce-api\node_modules\je
st-runtime\build\index.js:960:21)
          at Object.<anonymous> (D:\EcommerceBa
ckendAPI\ecommerce-api\src\modules\auth\auth.se
rvice.ts:18:1)
          at Runtime._execModule (D:\EcommerceB
ackendAPI\ecommerce-api\node_modules\jest-runti
me\build\index.js:1264:24)
          at Runtime._loadModule (D:\EcommerceB
ackendAPI\ecommerce-api\node_modules\jest-runti
me\build\index.js:940:12)
          at Runtime.requireModule (D:\Ecommerc
eBackendAPI\ecommerce-api\node_modules\jest-run
time\build\index.js:828:12)
          at Runtime.requireModuleOrMock (D:\Ec
ommerceBackendAPI\ecommerce-api\node_modules\je
st-runtime\build\index.js:960:21)
          at Object.<anonymous> (D:\EcommerceBa
ckendAPI\ecommerce-api\src\modules\auth\auth.co
ntroller.ts:12:1)
          at Runtime._execModule (D:\EcommerceB
ackendAPI\ecommerce-api\node_modules\jest-runti
me\build\index.js:1264:24)
          at Runtime._loadModule (D:\EcommerceB
ackendAPI\ecommerce-api\node_modules\jest-runti
me\build\index.js:940:12)
          at Runtime.requireModule (D:\Ecommerc
eBackendAPI\ecommerce-api\node_modules\jest-run
time\build\index.js:828:12)
          at Runtime.requireModuleOrMock (D:\Ec
ommerceBackendAPI\ecommerce-api\node_modules\je
st-runtime\build\index.js:960:21)
          at Object.<anonymous> (D:\EcommerceBa
ckendAPI\ecommerce-api\src\routes.ts:25:1)
          at Runtime._execModule (D:\EcommerceB
ackendAPI\ecommerce-api\node_modules\jest-runti
me\build\index.js:1264:24)
          at Runtime._loadModule (D:\EcommerceB
ackendAPI\ecommerce-api\node_modules\jest-runti
me\build\index.js:940:12)
          at Runtime.requireModule (D:\Ecommerc
eBackendAPI\ecommerce-api\node_modules\jest-run
time\build\index.js:828:12)
          at Runtime.requireModuleOrMock (D:\Ec
ommerceBackendAPI\ecommerce-api\node_modules\je
st-runtime\build\index.js:960:21)
          at Object.<anonymous> (D:\EcommerceBa
ckendAPI\ecommerce-api\src\app.ts:8:1)
          at Runtime._execModule (D:\EcommerceB
ackendAPI\ecommerce-api\node_modules\jest-runti
me\build\index.js:1264:24)
          at Runtime._loadModule (D:\EcommerceB
ackendAPI\ecommerce-api\node_modules\jest-runti
me\build\index.js:940:12)
          at Runtime.requireModule (D:\Ecommerc
eBackendAPI\ecommerce-api\node_modules\jest-run
time\build\index.js:828:12)
          at Runtime.requireModuleOrMock (D:\Ec
ommerceBackendAPI\ecommerce-api\node_modules\je
st-runtime\build\index.js:960:21)
          at Object.<anonymous> (D:\EcommerceBa
ckendAPI\ecommerce-api\src\tests\testHelpers.ts
:3:1)
          at Runtime._execModule (D:\EcommerceB
ackendAPI\ecommerce-api\node_modules\jest-runti
me\build\index.js:1264:24)
          at Runtime._loadModule (D:\EcommerceB
ackendAPI\ecommerce-api\node_modules\jest-runti
me\build\index.js:940:12)
          at Runtime.requireModule (D:\Ecommerc
eBackendAPI\ecommerce-api\node_modules\jest-run
time\build\index.js:828:12)
          at Runtime.requireModuleOrMock (D:\Ec
ommerceBackendAPI\ecommerce-api\node_modules\je
st-runtime\build\index.js:960:21)
          at Object.<anonymous> (D:\EcommerceBa
ckendAPI\ecommerce-api\src\tests\vendor.test.ts
:2:1)
          at Runtime._execModule (D:\EcommerceB
ackendAPI\ecommerce-api\node_modules\jest-runti
me\build\index.js:1264:24)
          at Runtime._loadModule (D:\EcommerceB
ackendAPI\ecommerce-api\node_modules\jest-runti
me\build\index.js:940:12)
          at Runtime.requireModule (D:\Ecommerc
eBackendAPI\ecommerce-api\node_modules\jest-run
time\build\index.js:828:12)
          at jestAdapter (D:\EcommerceBackendAP
I\ecommerce-api\node_modules\jest-circus\build\
runner.js:95:13)
          at runTestInternal (D:\EcommerceBacke
ndAPI\ecommerce-api\node_modules\jest-runner\bu
ild\index.js:275:16)
          at runTest (D:\EcommerceBackendAPI\ec
ommerce-api\node_modules\jest-runner\build\inde
x.js:343:7) {
        code: 'ERR_ERL_STORE_REUSE',
        help: 'https://express-rate-limit.githu
b.io/ERR_ERL_STORE_REUSE/'
      }

    [0m [90m 31 |[39m
     [90m 32 |[39m [90m// Stricter limiter 
specifically for login[39m
    [31m[1m>[22m[39m[90m 33 |[39m 
[36mexport[39m [36mconst[39m 
loginRateLimiter [33m=[39m rateLimit({
     [90m    |[39m                           
               [31m[1m^[22m[39m
     [90m 34 |[39m   windowMs[33m:[39m 
[35m15[39m [33m*[39m [35m60[39m 
[33m*[39m [35m1000[39m[33m,[39m
     [90m 35 |[39m   max[33m:[39m 
[35m10[39m[33m,[39m
     [90m 36 |[39m   
standardHeaders[33m:[39m 
[36mtrue[39m[33m,[39m[0m

      at Object.wrappedValidations.<computed> 
[as unsharedStore] (node_modules/express-rate-l
imit/dist/index.cjs:691:24)
      at rateLimit (node_modules/express-rate-l
imit/dist/index.cjs:839:22)
      at Object.<anonymous> 
(src/middlewares/rateLimiter.ts:33:42)
      at Object.<anonymous> 
(src/modules/auth/auth.service.ts:18:1)
      at Object.<anonymous> 
(src/modules/auth/auth.controller.ts:12:1)
      at Object.<anonymous> 
(src/routes.ts:25:1)
      at Object.<anonymous> (src/app.ts:8:1)
      at Object.<anonymous> 
(src/tests/testHelpers.ts:3:1)
      at Object.<anonymous> 
(src/tests/vendor.test.ts:2:1)

  ÔùÅ Vendors API Integration Tests ÔÇ║ should 
reject unauthorized access to vendor dashboard

    expect(received).toBe(expected) // 
Object.is equality

    Expected: 403
    Received: 404

    [0m [90m 37 |[39m       [33m.[39m[36m
set[39m([32m'Authorization'[39m[33m,[39m 
[32m`Bearer ${customerToken}`[39m)[33m;[39m
     [90m 38 |[39m       
    [31m[1m>[22m[39m[90m 39 |[39m     exp
ect(res[33m.[39mstatus)[33m.[39mtoBe([35m4
03[39m)[33m;[39m
     [90m    |[39m                        
[31m[1m^[22m[39m
     [90m 40 |[39m   })[33m;[39m
     [90m 41 |[39m })[33m;[39m
     [90m 42 |[39m[0m

      at Object.<anonymous> 
(src/tests/vendor.test.ts:39:24)

[0mPOST /auth/login [32m200[0m 263.959 ms - 795[0m
[0mPOST /vendors/onboarding/paystack [33m404[0m 0.709 ms - 167[0m
[0mGET /vendors/me/dashboard [33m404[0m 0.586 ms - 159[0m
(node:19836) DeprecationWarning: Calling 
client.query() when the client is already 
executing a query is deprecated and will be 
removed in pg@9.0. Use async/await or an 
external async flow control mechanism instead.
[0mPOST /auth/register [32m201[0m 299.287 ms - 784[0m
FAIL src/tests/social.test.ts
  ÔùÅ Console

    console.log
      [dotenv@17.3.1] injecting env (18) from 
.env -- tip: ƒöÉ encrypt with Dotenvx: 
https://dotenvx.com

      at _log 
(node_modules/dotenv/lib/main.js:139:11)

    console.log
      [dotenv@17.3.1] injecting env (0) from 
.env -- tip: ÔÜí´©Å secrets for agents: 
https://dotenvx.com/as2

      at _log 
(node_modules/dotenv/lib/main.js:139:11)

    console.log
      [dotenv@17.3.1] injecting env (0) from 
.env -- tip: ÔÜÖ´©Å  write to custom object 
with { processEnv: myObject }

      at _log 
(node_modules/dotenv/lib/main.js:139:11)

    console.log
      [dotenv@17.3.1] injecting env (0) from 
.env -- tip: ÔÜÖ´©Å  override existing env 
vars with { override: true }

      at _log 
(node_modules/dotenv/lib/main.js:139:11)

    console.log
      [dotenv@17.3.1] injecting env (0) from 
.env -- tip: ÔÜí´©Å secrets for agents: 
https://dotenvx.com/as2

      at _log 
(node_modules/dotenv/lib/main.js:139:11)

    console.log
      [dotenv@17.3.1] injecting env (0) from 
.env -- tip: ÔÜÖ´©Å  suppress all logs with { 
quiet: true }

      at _log 
(node_modules/dotenv/lib/main.js:139:11)

    console.error
      ValidationError: A Store instance must 
not be shared across multiple rate limiters. 
Create a new instance of MemoryStore for each 
limiter instead. See https://express-rate-limit
.github.io/ERR_ERL_STORE_REUSE/ for more 
information.
          at Object.unsharedStore (D:\Ecommerce
BackendAPI\ecommerce-api\node_modules\express-r
ate-limit\dist\index.cjs:411:13)
          at 
Object.wrappedValidations.<computed> [as 
unsharedStore] (D:\EcommerceBackendAPI\ecommerc
e-api\node_modules\express-rate-limit\dist\inde
x.cjs:685:22)
          at rateLimit (D:\EcommerceBackendAPI\
ecommerce-api\node_modules\express-rate-limit\d
ist\index.cjs:839:22)
          at Object.<anonymous> (D:\EcommerceBa
ckendAPI\ecommerce-api\src\middlewares\rateLimi
ter.ts:33:42)
          at Runtime._execModule (D:\EcommerceB
ackendAPI\ecommerce-api\node_modules\jest-runti
me\build\index.js:1264:24)
          at Runtime._loadModule (D:\EcommerceB
ackendAPI\ecommerce-api\node_modules\jest-runti
me\build\index.js:940:12)
          at Runtime.requireModule (D:\Ecommerc
eBackendAPI\ecommerce-api\node_modules\jest-run
time\build\index.js:828:12)
          at Runtime.requireModuleOrMock (D:\Ec
ommerceBackendAPI\ecommerce-api\node_modules\je
st-runtime\build\index.js:960:21)
          at Object.<anonymous> (D:\EcommerceBa
ckendAPI\ecommerce-api\src\modules\auth\auth.se
rvice.ts:18:1)
          at Runtime._execModule (D:\EcommerceB
ackendAPI\ecommerce-api\node_modules\jest-runti
me\build\index.js:1264:24)
          at Runtime._loadModule (D:\EcommerceB
ackendAPI\ecommerce-api\node_modules\jest-runti
me\build\index.js:940:12)
          at Runtime.requireModule (D:\Ecommerc
eBackendAPI\ecommerce-api\node_modules\jest-run
time\build\index.js:828:12)
          at Runtime.requireModuleOrMock (D:\Ec
ommerceBackendAPI\ecommerce-api\node_modules\je
st-runtime\build\index.js:960:21)
          at Object.<anonymous> (D:\EcommerceBa
ckendAPI\ecommerce-api\src\modules\auth\auth.co
ntroller.ts:12:1)
          at Runtime._execModule (D:\EcommerceB
ackendAPI\ecommerce-api\node_modules\jest-runti
me\build\index.js:1264:24)
          at Runtime._loadModule (D:\EcommerceB
ackendAPI\ecommerce-api\node_modules\jest-runti
me\build\index.js:940:12)
          at Runtime.requireModule (D:\Ecommerc
eBackendAPI\ecommerce-api\node_modules\jest-run
time\build\index.js:828:12)
          at Runtime.requireModuleOrMock (D:\Ec
ommerceBackendAPI\ecommerce-api\node_modules\je
st-runtime\build\index.js:960:21)
          at Object.<anonymous> (D:\EcommerceBa
ckendAPI\ecommerce-api\src\routes.ts:25:1)
          at Runtime._execModule (D:\EcommerceB
ackendAPI\ecommerce-api\node_modules\jest-runti
me\build\index.js:1264:24)
          at Runtime._loadModule (D:\EcommerceB
ackendAPI\ecommerce-api\node_modules\jest-runti
me\build\index.js:940:12)
          at Runtime.requireModule (D:\Ecommerc
eBackendAPI\ecommerce-api\node_modules\jest-run
time\build\index.js:828:12)
          at Runtime.requireModuleOrMock (D:\Ec
ommerceBackendAPI\ecommerce-api\node_modules\je
st-runtime\build\index.js:960:21)
          at Object.<anonymous> (D:\EcommerceBa
ckendAPI\ecommerce-api\src\app.ts:8:1)
          at Runtime._execModule (D:\EcommerceB
ackendAPI\ecommerce-api\node_modules\jest-runti
me\build\index.js:1264:24)
          at Runtime._loadModule (D:\EcommerceB
ackendAPI\ecommerce-api\node_modules\jest-runti
me\build\index.js:940:12)
          at Runtime.requireModule (D:\Ecommerc
eBackendAPI\ecommerce-api\node_modules\jest-run
time\build\index.js:828:12)
          at Runtime.requireModuleOrMock (D:\Ec
ommerceBackendAPI\ecommerce-api\node_modules\je
st-runtime\build\index.js:960:21)
          at Object.<anonymous> (D:\EcommerceBa
ckendAPI\ecommerce-api\src\tests\testHelpers.ts
:3:1)
          at Runtime._execModule (D:\EcommerceB
ackendAPI\ecommerce-api\node_modules\jest-runti
me\build\index.js:1264:24)
          at Runtime._loadModule (D:\EcommerceB
ackendAPI\ecommerce-api\node_modules\jest-runti
me\build\index.js:940:12)
          at Runtime.requireModule (D:\Ecommerc
eBackendAPI\ecommerce-api\node_modules\jest-run
time\build\index.js:828:12)
          at Runtime.requireModuleOrMock (D:\Ec
ommerceBackendAPI\ecommerce-api\node_modules\je
st-runtime\build\index.js:960:21)
          at Object.<anonymous> (D:\EcommerceBa
ckendAPI\ecommerce-api\src\tests\social.test.ts
:2:1)
          at Runtime._execModule (D:\EcommerceB
ackendAPI\ecommerce-api\node_modules\jest-runti
me\build\index.js:1264:24)
          at Runtime._loadModule (D:\EcommerceB
ackendAPI\ecommerce-api\node_modules\jest-runti
me\build\index.js:940:12)
          at Runtime.requireModule (D:\Ecommerc
eBackendAPI\ecommerce-api\node_modules\jest-run
time\build\index.js:828:12)
          at jestAdapter (D:\EcommerceBackendAP
I\ecommerce-api\node_modules\jest-circus\build\
runner.js:95:13)
          at runTestInternal (D:\EcommerceBacke
ndAPI\ecommerce-api\node_modules\jest-runner\bu
ild\index.js:275:16)
          at runTest (D:\EcommerceBackendAPI\ec
ommerce-api\node_modules\jest-runner\build\inde
x.js:343:7) {
        code: 'ERR_ERL_STORE_REUSE',
        help: 'https://express-rate-limit.githu
b.io/ERR_ERL_STORE_REUSE/'
      }

    [0m [90m 31 |[39m
     [90m 32 |[39m [90m// Stricter limiter 
specifically for login[39m
    [31m[1m>[22m[39m[90m 33 |[39m 
[36mexport[39m [36mconst[39m 
loginRateLimiter [33m=[39m rateLimit({
     [90m    |[39m                           
               [31m[1m^[22m[39m
     [90m 34 |[39m   windowMs[33m:[39m 
[35m15[39m [33m*[39m [35m60[39m 
[33m*[39m [35m1000[39m[33m,[39m
     [90m 35 |[39m   max[33m:[39m 
[35m10[39m[33m,[39m
     [90m 36 |[39m   
standardHeaders[33m:[39m 
[36mtrue[39m[33m,[39m[0m

      at Object.wrappedValidations.<computed> 
[as unsharedStore] (node_modules/express-rate-l
imit/dist/index.cjs:691:24)
      at rateLimit (node_modules/express-rate-l
imit/dist/index.cjs:839:22)
      at Object.<anonymous> 
(src/middlewares/rateLimiter.ts:33:42)
      at Object.<anonymous> 
(src/modules/auth/auth.service.ts:18:1)
      at Object.<anonymous> 
(src/modules/auth/auth.controller.ts:12:1)
      at Object.<anonymous> 
(src/routes.ts:25:1)
      at Object.<anonymous> (src/app.ts:8:1)
      at Object.<anonymous> 
(src/tests/testHelpers.ts:3:1)
      at Object.<anonymous> 
(src/tests/social.test.ts:2:1)

  ÔùÅ Social API Integration Tests ÔÇ║ should 
send a friend request

    expect(received).toContain(expected) // 
indexOf

    Expected value: 422
    Received array: [201, 404]

    [0m [90m 20 |[39m       })[33m;[39m
     [90m 21 |[39m       
    [31m[1m>[22m[39m[90m 22 |[39m     
expect([[35m201[39m[33m,[39m [35m404[39m]
)[33m.[39mtoContain(res[33m.[39mstatus)[33
m;[39m [90m// 404 if friendId does not 
exist[39m
     [90m    |[39m                        
[31m[1m^[22m[39m
     [90m 23 |[39m   })[33m;[39m
     [90m 24 |[39m
     [90m 25 |[39m   it([32m'should fetch 
pending friend requests'[39m[33m,[39m 
[36masync[39m () [33m=>[39m {[0m

      at Object.<anonymous> 
(src/tests/social.test.ts:22:24)

[0mPOST /auth/login [32m200[0m 271.354 ms - 784[0m
[0mPOST /social/friends/request [33m422[0m 3.689 ms - 294[0m
[0mGET /social/friends/requests [32m200[0m 8.951 ms - 2[0m
[0mGET /social/friends [32m200[0m 5.201 ms - 2[0m
(node:19836) DeprecationWarning: Calling 
client.query() when the client is already 
executing a query is deprecated and will be 
removed in pg@9.0. Use async/await or an 
external async flow control mechanism instead.
[0mPOST /auth/register [32m201[0m 324.338 ms - 790[0m
FAIL src/tests/uploads.test.ts
  ÔùÅ Console

    console.log
      [dotenv@17.3.1] injecting env (18) from 
.env -- tip: ƒøí´©Å auth for agents: 
https://vestauth.com

      at _log 
(node_modules/dotenv/lib/main.js:139:11)

    console.log
      [dotenv@17.3.1] injecting env (0) from 
.env -- tip: ƒñû agentic secret storage: 
https://dotenvx.com/as2

      at _log 
(node_modules/dotenv/lib/main.js:139:11)

    console.log
      [dotenv@17.3.1] injecting env (0) from 
.env -- tip: ÔÜí´©Å secrets for agents: 
https://dotenvx.com/as2

      at _log 
(node_modules/dotenv/lib/main.js:139:11)

    console.log
      [dotenv@17.3.1] injecting env (0) from 
.env -- tip: ÔÜÖ´©Å  suppress all logs with { 
quiet: true }

      at _log 
(node_modules/dotenv/lib/main.js:139:11)

    console.log
      [dotenv@17.3.1] injecting env (0) from 
.env -- tip: ƒøí´©Å auth for agents: 
https://vestauth.com

      at _log 
(node_modules/dotenv/lib/main.js:139:11)

    console.log
      [dotenv@17.3.1] injecting env (0) from 
.env -- tip: ÔÜÖ´©Å  enable debug logging with 
{ debug: true }

      at _log 
(node_modules/dotenv/lib/main.js:139:11)

    console.error
      ValidationError: A Store instance must 
not be shared across multiple rate limiters. 
Create a new instance of MemoryStore for each 
limiter instead. See https://express-rate-limit
.github.io/ERR_ERL_STORE_REUSE/ for more 
information.
          at Object.unsharedStore (D:\Ecommerce
BackendAPI\ecommerce-api\node_modules\express-r
ate-limit\dist\index.cjs:411:13)
          at 
Object.wrappedValidations.<computed> [as 
unsharedStore] (D:\EcommerceBackendAPI\ecommerc
e-api\node_modules\express-rate-limit\dist\inde
x.cjs:685:22)
          at rateLimit (D:\EcommerceBackendAPI\
ecommerce-api\node_modules\express-rate-limit\d
ist\index.cjs:839:22)
          at Object.<anonymous> (D:\EcommerceBa
ckendAPI\ecommerce-api\src\middlewares\rateLimi
ter.ts:33:42)
          at Runtime._execModule (D:\EcommerceB
ackendAPI\ecommerce-api\node_modules\jest-runti
me\build\index.js:1264:24)
          at Runtime._loadModule (D:\EcommerceB
ackendAPI\ecommerce-api\node_modules\jest-runti
me\build\index.js:940:12)
          at Runtime.requireModule (D:\Ecommerc
eBackendAPI\ecommerce-api\node_modules\jest-run
time\build\index.js:828:12)
          at Runtime.requireModuleOrMock (D:\Ec
ommerceBackendAPI\ecommerce-api\node_modules\je
st-runtime\build\index.js:960:21)
          at Object.<anonymous> (D:\EcommerceBa
ckendAPI\ecommerce-api\src\modules\auth\auth.se
rvice.ts:18:1)
          at Runtime._execModule (D:\EcommerceB
ackendAPI\ecommerce-api\node_modules\jest-runti
me\build\index.js:1264:24)
          at Runtime._loadModule (D:\EcommerceB
ackendAPI\ecommerce-api\node_modules\jest-runti
me\build\index.js:940:12)
          at Runtime.requireModule (D:\Ecommerc
eBackendAPI\ecommerce-api\node_modules\jest-run
time\build\index.js:828:12)
          at Runtime.requireModuleOrMock (D:\Ec
ommerceBackendAPI\ecommerce-api\node_modules\je
st-runtime\build\index.js:960:21)
          at Object.<anonymous> (D:\EcommerceBa
ckendAPI\ecommerce-api\src\modules\auth\auth.co
ntroller.ts:12:1)
          at Runtime._execModule (D:\EcommerceB
ackendAPI\ecommerce-api\node_modules\jest-runti
me\build\index.js:1264:24)
          at Runtime._loadModule (D:\EcommerceB
ackendAPI\ecommerce-api\node_modules\jest-runti
me\build\index.js:940:12)
          at Runtime.requireModule (D:\Ecommerc
eBackendAPI\ecommerce-api\node_modules\jest-run
time\build\index.js:828:12)
          at Runtime.requireModuleOrMock (D:\Ec
ommerceBackendAPI\ecommerce-api\node_modules\je
st-runtime\build\index.js:960:21)
          at Object.<anonymous> (D:\EcommerceBa
ckendAPI\ecommerce-api\src\routes.ts:25:1)
          at Runtime._execModule (D:\EcommerceB
ackendAPI\ecommerce-api\node_modules\jest-runti
me\build\index.js:1264:24)
          at Runtime._loadModule (D:\EcommerceB
ackendAPI\ecommerce-api\node_modules\jest-runti
me\build\index.js:940:12)
          at Runtime.requireModule (D:\Ecommerc
eBackendAPI\ecommerce-api\node_modules\jest-run
time\build\index.js:828:12)
          at Runtime.requireModuleOrMock (D:\Ec
ommerceBackendAPI\ecommerce-api\node_modules\je
st-runtime\build\index.js:960:21)
          at Object.<anonymous> (D:\EcommerceBa
ckendAPI\ecommerce-api\src\app.ts:8:1)
          at Runtime._execModule (D:\EcommerceB
ackendAPI\ecommerce-api\node_modules\jest-runti
me\build\index.js:1264:24)
          at Runtime._loadModule (D:\EcommerceB
ackendAPI\ecommerce-api\node_modules\jest-runti
me\build\index.js:940:12)
          at Runtime.requireModule (D:\Ecommerc
eBackendAPI\ecommerce-api\node_modules\jest-run
time\build\index.js:828:12)
          at Runtime.requireModuleOrMock (D:\Ec
ommerceBackendAPI\ecommerce-api\node_modules\je
st-runtime\build\index.js:960:21)
          at Object.<anonymous> (D:\EcommerceBa
ckendAPI\ecommerce-api\src\tests\testHelpers.ts
:3:1)
          at Runtime._execModule (D:\EcommerceB
ackendAPI\ecommerce-api\node_modules\jest-runti
me\build\index.js:1264:24)
          at Runtime._loadModule (D:\EcommerceB
ackendAPI\ecommerce-api\node_modules\jest-runti
me\build\index.js:940:12)
          at Runtime.requireModule (D:\Ecommerc
eBackendAPI\ecommerce-api\node_modules\jest-run
time\build\index.js:828:12)
          at Runtime.requireModuleOrMock (D:\Ec
ommerceBackendAPI\ecommerce-api\node_modules\je
st-runtime\build\index.js:960:21)
          at Object.<anonymous> (D:\EcommerceBa
ckendAPI\ecommerce-api\src\tests\uploads.test.t
s:2:1)
          at Runtime._execModule (D:\EcommerceB
ackendAPI\ecommerce-api\node_modules\jest-runti
me\build\index.js:1264:24)
          at Runtime._loadModule (D:\EcommerceB
ackendAPI\ecommerce-api\node_modules\jest-runti
me\build\index.js:940:12)
          at Runtime.requireModule (D:\Ecommerc
eBackendAPI\ecommerce-api\node_modules\jest-run
time\build\index.js:828:12)
          at jestAdapter (D:\EcommerceBackendAP
I\ecommerce-api\node_modules\jest-circus\build\
runner.js:95:13)
          at runTestInternal (D:\EcommerceBacke
ndAPI\ecommerce-api\node_modules\jest-runner\bu
ild\index.js:275:16)
          at runTest (D:\EcommerceBackendAPI\ec
ommerce-api\node_modules\jest-runner\build\inde
x.js:343:7) {
        code: 'ERR_ERL_STORE_REUSE',
        help: 'https://express-rate-limit.githu
b.io/ERR_ERL_STORE_REUSE/'
      }

    [0m [90m 31 |[39m
     [90m 32 |[39m [90m// Stricter limiter 
specifically for login[39m
    [31m[1m>[22m[39m[90m 33 |[39m 
[36mexport[39m [36mconst[39m 
loginRateLimiter [33m=[39m rateLimit({
     [90m    |[39m                           
               [31m[1m^[22m[39m
     [90m 34 |[39m   windowMs[33m:[39m 
[35m15[39m [33m*[39m [35m60[39m 
[33m*[39m [35m1000[39m[33m,[39m
     [90m 35 |[39m   max[33m:[39m 
[35m10[39m[33m,[39m
     [90m 36 |[39m   
standardHeaders[33m:[39m 
[36mtrue[39m[33m,[39m[0m

      at Object.wrappedValidations.<computed> 
[as unsharedStore] (node_modules/express-rate-l
imit/dist/index.cjs:691:24)
      at rateLimit (node_modules/express-rate-l
imit/dist/index.cjs:839:22)
      at Object.<anonymous> 
(src/middlewares/rateLimiter.ts:33:42)
      at Object.<anonymous> 
(src/modules/auth/auth.service.ts:18:1)
      at Object.<anonymous> 
(src/modules/auth/auth.controller.ts:12:1)
      at Object.<anonymous> 
(src/routes.ts:25:1)
      at Object.<anonymous> (src/app.ts:8:1)
      at Object.<anonymous> 
(src/tests/testHelpers.ts:3:1)
      at Object.<anonymous> 
(src/tests/uploads.test.ts:2:1)

  ÔùÅ Uploads API Integration Tests ÔÇ║ should 
fetch a presigned URL

    expect(received).toContain(expected) // 
indexOf

    Expected value: 422
    Received array: [200, 500]

    [0m [90m 30 |[39m       
     [90m 31 |[39m     [90m// Needs to mock 
AWS S3 or we expect it to fail gracefully if 
actual keys are wrong[39m
    [31m[1m>[22m[39m[90m 32 |[39m     
expect([[35m200[39m[33m,[39m [35m500[39m]
)[33m.[39mtoContain(res[33m.[39mstatus)[33
m;[39m [90m// 500 if AWS credentials invalid 
in .env during test[39m
     [90m    |[39m                        
[31m[1m^[22m[39m
     [90m 33 |[39m     [36mif[39m 
(res[33m.[39mstatus [33m===[39m 
[35m200[39m) {
     [90m 34 |[39m       expect(res[33m.[39
mbody)[33m.[39mtoHaveProperty([32m'uploadUrl
'[39m)[33m;[39m
     [90m 35 |[39m       expect(res[33m.[39
mbody)[33m.[39mtoHaveProperty([32m'fileUrl'
[39m)[33m;[39m[0m

      at Object.<anonymous> 
(src/tests/uploads.test.ts:32:24)

[0mPOST /auth/login [32m200[0m 266.006 ms - 790[0m
[0mPOST /uploads/presign [33m422[0m 2.980 ms - 533[0m
[0mPOST /uploads/presign [33m401[0m 0.660 ms - 154[0m
(node:19836) DeprecationWarning: Calling 
client.query() when the client is already 
executing a query is deprecated and will be 
removed in pg@9.0. Use async/await or an 
external async flow control mechanism instead.
[0mPOST /auth/register [32m201[0m 371.502 ms - 797[0m
[0mPOST /auth/register [33m409[0m 3.910 ms - 152[0m
[0mPOST /auth/login [32m200[0m 400.581 ms - 797[0m
PASS src/tests/auth.test.ts
  ÔùÅ Console

    console.log
      [dotenv@17.3.1] injecting env (18) from 
.env -- tip: ƒøí´©Å auth for agents: 
https://vestauth.com

      at _log 
(node_modules/dotenv/lib/main.js:139:11)

    console.log
      [dotenv@17.3.1] injecting env (0) from 
.env -- tip: ÔÜÖ´©Å  specify custom .env file 
path with { path: '/custom/path/.env' }

      at _log 
(node_modules/dotenv/lib/main.js:139:11)

    console.log
      [dotenv@17.3.1] injecting env (0) from 
.env -- tip: ÔÜÖ´©Å  override existing env 
vars with { override: true }

      at _log 
(node_modules/dotenv/lib/main.js:139:11)

    console.log
      [dotenv@17.3.1] injecting env (0) from 
.env -- tip: ƒñû agentic secret storage: 
https://dotenvx.com/as2

      at _log 
(node_modules/dotenv/lib/main.js:139:11)

    console.log
      [dotenv@17.3.1] injecting env (0) from 
.env -- tip: ƒñû agentic secret storage: 
https://dotenvx.com/as2

      at _log 
(node_modules/dotenv/lib/main.js:139:11)

    console.log
      [dotenv@17.3.1] injecting env (0) from 
.env -- tip: ÔÜÖ´©Å  write to custom object 
with { processEnv: myObject }

      at _log 
(node_modules/dotenv/lib/main.js:139:11)

    console.error
      ValidationError: A Store instance must 
not be shared across multiple rate limiters. 
Create a new instance of MemoryStore for each 
limiter instead. See https://express-rate-limit
.github.io/ERR_ERL_STORE_REUSE/ for more 
information.
          at Object.unsharedStore (D:\Ecommerce
BackendAPI\ecommerce-api\node_modules\express-r
ate-limit\dist\index.cjs:411:13)
          at 
Object.wrappedValidations.<computed> [as 
unsharedStore] (D:\EcommerceBackendAPI\ecommerc
e-api\node_modules\express-rate-limit\dist\inde
x.cjs:685:22)
          at rateLimit (D:\EcommerceBackendAPI\
ecommerce-api\node_modules\express-rate-limit\d
ist\index.cjs:839:22)
          at Object.<anonymous> (D:\EcommerceBa
ckendAPI\ecommerce-api\src\middlewares\rateLimi
ter.ts:33:42)
          at Runtime._execModule (D:\EcommerceB
ackendAPI\ecommerce-api\node_modules\jest-runti
me\build\index.js:1264:24)
          at Runtime._loadModule (D:\EcommerceB
ackendAPI\ecommerce-api\node_modules\jest-runti
me\build\index.js:940:12)
          at Runtime.requireModule (D:\Ecommerc
eBackendAPI\ecommerce-api\node_modules\jest-run
time\build\index.js:828:12)
          at Runtime.requireModuleOrMock (D:\Ec
ommerceBackendAPI\ecommerce-api\node_modules\je
st-runtime\build\index.js:960:21)
          at Object.<anonymous> (D:\EcommerceBa
ckendAPI\ecommerce-api\src\modules\auth\auth.se
rvice.ts:18:1)
          at Runtime._execModule (D:\EcommerceB
ackendAPI\ecommerce-api\node_modules\jest-runti
me\build\index.js:1264:24)
          at Runtime._loadModule (D:\EcommerceB
ackendAPI\ecommerce-api\node_modules\jest-runti
me\build\index.js:940:12)
          at Runtime.requireModule (D:\Ecommerc
eBackendAPI\ecommerce-api\node_modules\jest-run
time\build\index.js:828:12)
          at Runtime.requireModuleOrMock (D:\Ec
ommerceBackendAPI\ecommerce-api\node_modules\je
st-runtime\build\index.js:960:21)
          at Object.<anonymous> (D:\EcommerceBa
ckendAPI\ecommerce-api\src\modules\auth\auth.co
ntroller.ts:12:1)
          at Runtime._execModule (D:\EcommerceB
ackendAPI\ecommerce-api\node_modules\jest-runti
me\build\index.js:1264:24)
          at Runtime._loadModule (D:\EcommerceB
ackendAPI\ecommerce-api\node_modules\jest-runti
me\build\index.js:940:12)
          at Runtime.requireModule (D:\Ecommerc
eBackendAPI\ecommerce-api\node_modules\jest-run
time\build\index.js:828:12)
          at Runtime.requireModuleOrMock (D:\Ec
ommerceBackendAPI\ecommerce-api\node_modules\je
st-runtime\build\index.js:960:21)
          at Object.<anonymous> (D:\EcommerceBa
ckendAPI\ecommerce-api\src\routes.ts:25:1)
          at Runtime._execModule (D:\EcommerceB
ackendAPI\ecommerce-api\node_modules\jest-runti
me\build\index.js:1264:24)
          at Runtime._loadModule (D:\EcommerceB
ackendAPI\ecommerce-api\node_modules\jest-runti
me\build\index.js:940:12)
          at Runtime.requireModule (D:\Ecommerc
eBackendAPI\ecommerce-api\node_modules\jest-run
time\build\index.js:828:12)
          at Runtime.requireModuleOrMock (D:\Ec
ommerceBackendAPI\ecommerce-api\node_modules\je
st-runtime\build\index.js:960:21)
          at Object.<anonymous> (D:\EcommerceBa
ckendAPI\ecommerce-api\src\app.ts:8:1)
          at Runtime._execModule (D:\EcommerceB
ackendAPI\ecommerce-api\node_modules\jest-runti
me\build\index.js:1264:24)
          at Runtime._loadModule (D:\EcommerceB
ackendAPI\ecommerce-api\node_modules\jest-runti
me\build\index.js:940:12)
          at Runtime.requireModule (D:\Ecommerc
eBackendAPI\ecommerce-api\node_modules\jest-run
time\build\index.js:828:12)
          at Runtime.requireModuleOrMock (D:\Ec
ommerceBackendAPI\ecommerce-api\node_modules\je
st-runtime\build\index.js:960:21)
          at Object.<anonymous> (D:\EcommerceBa
ckendAPI\ecommerce-api\src\tests\testHelpers.ts
:3:1)
          at Runtime._execModule (D:\EcommerceB
ackendAPI\ecommerce-api\node_modules\jest-runti
me\build\index.js:1264:24)
          at Runtime._loadModule (D:\EcommerceB
ackendAPI\ecommerce-api\node_modules\jest-runti
me\build\index.js:940:12)
          at Runtime.requireModule (D:\Ecommerc
eBackendAPI\ecommerce-api\node_modules\jest-run
time\build\index.js:828:12)
          at Runtime.requireModuleOrMock (D:\Ec
ommerceBackendAPI\ecommerce-api\node_modules\je
st-runtime\build\index.js:960:21)
          at Object.<anonymous> (D:\EcommerceBa
ckendAPI\ecommerce-api\src\tests\auth.test.ts:2
:1)
          at Runtime._execModule (D:\EcommerceB
ackendAPI\ecommerce-api\node_modules\jest-runti
me\build\index.js:1264:24)
          at Runtime._loadModule (D:\EcommerceB
ackendAPI\ecommerce-api\node_modules\jest-runti
me\build\index.js:940:12)
          at Runtime.requireModule (D:\Ecommerc
eBackendAPI\ecommerce-api\node_modules\jest-run
time\build\index.js:828:12)
          at jestAdapter (D:\EcommerceBackendAP
I\ecommerce-api\node_modules\jest-circus\build\
runner.js:95:13)
          at runTestInternal (D:\EcommerceBacke
ndAPI\ecommerce-api\node_modules\jest-runner\bu
ild\index.js:275:16)
          at runTest (D:\EcommerceBackendAPI\ec
ommerce-api\node_modules\jest-runner\build\inde
x.js:343:7) {
        code: 'ERR_ERL_STORE_REUSE',
        help: 'https://express-rate-limit.githu
b.io/ERR_ERL_STORE_REUSE/'
      }

    [0m [90m 31 |[39m
     [90m 32 |[39m [90m// Stricter limiter 
specifically for login[39m
    [31m[1m>[22m[39m[90m 33 |[39m 
[36mexport[39m [36mconst[39m 
loginRateLimiter [33m=[39m rateLimit({
     [90m    |[39m                           
               [31m[1m^[22m[39m
     [90m 34 |[39m   windowMs[33m:[39m 
[35m15[39m [33m*[39m [35m60[39m 
[33m*[39m [35m1000[39m[33m,[39m
     [90m 35 |[39m   max[33m:[39m 
[35m10[39m[33m,[39m
     [90m 36 |[39m   
standardHeaders[33m:[39m 
[36mtrue[39m[33m,[39m[0m

      at Object.wrappedValidations.<computed> 
[as unsharedStore] (node_modules/express-rate-l
imit/dist/index.cjs:691:24)
      at rateLimit (node_modules/express-rate-l
imit/dist/index.cjs:839:22)
      at Object.<anonymous> 
(src/middlewares/rateLimiter.ts:33:42)
      at Object.<anonymous> 
(src/modules/auth/auth.service.ts:18:1)
      at Object.<anonymous> 
(src/modules/auth/auth.controller.ts:12:1)
      at Object.<anonymous> 
(src/routes.ts:25:1)
      at Object.<anonymous> (src/app.ts:8:1)
      at Object.<anonymous> 
(src/tests/testHelpers.ts:3:1)
      at Object.<anonymous> 
(src/tests/auth.test.ts:2:1)

[0mPOST /auth/login [33m401[0m 367.881 ms - 133[0m
(node:19836) DeprecationWarning: Calling 
client.query() when the client is already 
executing a query is deprecated and will be 
removed in pg@9.0. Use async/await or an 
external async flow control mechanism instead.
[0mPOST /auth/register [32m201[0m 314.067 ms - 790[0m
PASS src/tests/cart.test.ts
  ÔùÅ Console

    console.log
      [dotenv@17.3.1] injecting env (18) from 
.env -- tip: ÔÜÖ´©Å  override existing env 
vars with { override: true }

      at _log 
(node_modules/dotenv/lib/main.js:139:11)

    console.log
      [dotenv@17.3.1] injecting env (0) from 
.env -- tip: ÔÜÖ´©Å  suppress all logs with { 
quiet: true }

      at _log 
(node_modules/dotenv/lib/main.js:139:11)

    console.log
      [dotenv@17.3.1] injecting env (0) from 
.env -- tip: ƒöÉ prevent building .env in 
docker: https://dotenvx.com/prebuild

      at _log 
(node_modules/dotenv/lib/main.js:139:11)

    console.log
      [dotenv@17.3.1] injecting env (0) from 
.env -- tip: ƒñû agentic secret storage: 
https://dotenvx.com/as2

      at _log 
(node_modules/dotenv/lib/main.js:139:11)

    console.log
      [dotenv@17.3.1] injecting env (0) from 
.env -- tip: ƒøí´©Å auth for agents: 
https://vestauth.com

      at _log 
(node_modules/dotenv/lib/main.js:139:11)

    console.log
      [dotenv@17.3.1] injecting env (0) from 
.env -- tip: ÔÜÖ´©Å  suppress all logs with { 
quiet: true }

      at _log 
(node_modules/dotenv/lib/main.js:139:11)

    console.error
      ValidationError: A Store instance must 
not be shared across multiple rate limiters. 
Create a new instance of MemoryStore for each 
limiter instead. See https://express-rate-limit
.github.io/ERR_ERL_STORE_REUSE/ for more 
information.
          at Object.unsharedStore (D:\Ecommerce
BackendAPI\ecommerce-api\node_modules\express-r
ate-limit\dist\index.cjs:411:13)
          at 
Object.wrappedValidations.<computed> [as 
unsharedStore] (D:\EcommerceBackendAPI\ecommerc
e-api\node_modules\express-rate-limit\dist\inde
x.cjs:685:22)
          at rateLimit (D:\EcommerceBackendAPI\
ecommerce-api\node_modules\express-rate-limit\d
ist\index.cjs:839:22)
          at Object.<anonymous> (D:\EcommerceBa
ckendAPI\ecommerce-api\src\middlewares\rateLimi
ter.ts:33:42)
          at Runtime._execModule (D:\EcommerceB
ackendAPI\ecommerce-api\node_modules\jest-runti
me\build\index.js:1264:24)
          at Runtime._loadModule (D:\EcommerceB
ackendAPI\ecommerce-api\node_modules\jest-runti
me\build\index.js:940:12)
          at Runtime.requireModule (D:\Ecommerc
eBackendAPI\ecommerce-api\node_modules\jest-run
time\build\index.js:828:12)
          at Runtime.requireModuleOrMock (D:\Ec
ommerceBackendAPI\ecommerce-api\node_modules\je
st-runtime\build\index.js:960:21)
          at Object.<anonymous> (D:\EcommerceBa
ckendAPI\ecommerce-api\src\modules\auth\auth.se
rvice.ts:18:1)
          at Runtime._execModule (D:\EcommerceB
ackendAPI\ecommerce-api\node_modules\jest-runti
me\build\index.js:1264:24)
          at Runtime._loadModule (D:\EcommerceB
ackendAPI\ecommerce-api\node_modules\jest-runti
me\build\index.js:940:12)
          at Runtime.requireModule (D:\Ecommerc
eBackendAPI\ecommerce-api\node_modules\jest-run
time\build\index.js:828:12)
          at Runtime.requireModuleOrMock (D:\Ec
ommerceBackendAPI\ecommerce-api\node_modules\je
st-runtime\build\index.js:960:21)
          at Object.<anonymous> (D:\EcommerceBa
ckendAPI\ecommerce-api\src\modules\auth\auth.co
ntroller.ts:12:1)
          at Runtime._execModule (D:\EcommerceB
ackendAPI\ecommerce-api\node_modules\jest-runti
me\build\index.js:1264:24)
          at Runtime._loadModule (D:\EcommerceB
ackendAPI\ecommerce-api\node_modules\jest-runti
me\build\index.js:940:12)
          at Runtime.requireModule (D:\Ecommerc
eBackendAPI\ecommerce-api\node_modules\jest-run
time\build\index.js:828:12)
          at Runtime.requireModuleOrMock (D:\Ec
ommerceBackendAPI\ecommerce-api\node_modules\je
st-runtime\build\index.js:960:21)
          at Object.<anonymous> (D:\EcommerceBa
ckendAPI\ecommerce-api\src\routes.ts:25:1)
          at Runtime._execModule (D:\EcommerceB
ackendAPI\ecommerce-api\node_modules\jest-runti
me\build\index.js:1264:24)
          at Runtime._loadModule (D:\EcommerceB
ackendAPI\ecommerce-api\node_modules\jest-runti
me\build\index.js:940:12)
          at Runtime.requireModule (D:\Ecommerc
eBackendAPI\ecommerce-api\node_modules\jest-run
time\build\index.js:828:12)
          at Runtime.requireModuleOrMock (D:\Ec
ommerceBackendAPI\ecommerce-api\node_modules\je
st-runtime\build\index.js:960:21)
          at Object.<anonymous> (D:\EcommerceBa
ckendAPI\ecommerce-api\src\app.ts:8:1)
          at Runtime._execModule (D:\EcommerceB
ackendAPI\ecommerce-api\node_modules\jest-runti
me\build\index.js:1264:24)
          at Runtime._loadModule (D:\EcommerceB
ackendAPI\ecommerce-api\node_modules\jest-runti
me\build\index.js:940:12)
          at Runtime.requireModule (D:\Ecommerc
eBackendAPI\ecommerce-api\node_modules\jest-run
time\build\index.js:828:12)
          at Runtime.requireModuleOrMock (D:\Ec
ommerceBackendAPI\ecommerce-api\node_modules\je
st-runtime\build\index.js:960:21)
          at Object.<anonymous> (D:\EcommerceBa
ckendAPI\ecommerce-api\src\tests\testHelpers.ts
:3:1)
          at Runtime._execModule (D:\EcommerceB
ackendAPI\ecommerce-api\node_modules\jest-runti
me\build\index.js:1264:24)
          at Runtime._loadModule (D:\EcommerceB
ackendAPI\ecommerce-api\node_modules\jest-runti
me\build\index.js:940:12)
          at Runtime.requireModule (D:\Ecommerc
eBackendAPI\ecommerce-api\node_modules\jest-run
time\build\index.js:828:12)
          at Runtime.requireModuleOrMock (D:\Ec
ommerceBackendAPI\ecommerce-api\node_modules\je
st-runtime\build\index.js:960:21)
          at Object.<anonymous> (D:\EcommerceBa
ckendAPI\ecommerce-api\src\tests\cart.test.ts:2
:1)
          at Runtime._execModule (D:\EcommerceB
ackendAPI\ecommerce-api\node_modules\jest-runti
me\build\index.js:1264:24)
          at Runtime._loadModule (D:\EcommerceB
ackendAPI\ecommerce-api\node_modules\jest-runti
me\build\index.js:940:12)
          at Runtime.requireModule (D:\Ecommerc
eBackendAPI\ecommerce-api\node_modules\jest-run
time\build\index.js:828:12)
          at jestAdapter (D:\EcommerceBackendAP
I\ecommerce-api\node_modules\jest-circus\build\
runner.js:95:13)
          at runTestInternal (D:\EcommerceBacke
ndAPI\ecommerce-api\node_modules\jest-runner\bu
ild\index.js:275:16)
          at runTest (D:\EcommerceBackendAPI\ec
ommerce-api\node_modules\jest-runner\build\inde
x.js:343:7) {
        code: 'ERR_ERL_STORE_REUSE',
        help: 'https://express-rate-limit.githu
b.io/ERR_ERL_STORE_REUSE/'
      }

    [0m [90m 31 |[39m
     [90m 32 |[39m [90m// Stricter limiter 
specifically for login[39m
    [31m[1m>[22m[39m[90m 33 |[39m 
[36mexport[39m [36mconst[39m 
loginRateLimiter [33m=[39m rateLimit({
     [90m    |[39m                           
               [31m[1m^[22m[39m
     [90m 34 |[39m   windowMs[33m:[39m 
[35m15[39m [33m*[39m [35m60[39m 
[33m*[39m [35m1000[39m[33m,[39m
     [90m 35 |[39m   max[33m:[39m 
[35m10[39m[33m,[39m
     [90m 36 |[39m   
standardHeaders[33m:[39m 
[36mtrue[39m[33m,[39m[0m

      at Object.wrappedValidations.<computed> 
[as unsharedStore] (node_modules/express-rate-l
imit/dist/index.cjs:691:24)
      at rateLimit (node_modules/express-rate-l
imit/dist/index.cjs:839:22)
      at Object.<anonymous> 
(src/middlewares/rateLimiter.ts:33:42)
      at Object.<anonymous> 
(src/modules/auth/auth.service.ts:18:1)
      at Object.<anonymous> 
(src/modules/auth/auth.controller.ts:12:1)
      at Object.<anonymous> 
(src/routes.ts:25:1)
      at Object.<anonymous> (src/app.ts:8:1)
      at Object.<anonymous> 
(src/tests/testHelpers.ts:3:1)
      at Object.<anonymous> 
(src/tests/cart.test.ts:2:1)

[0mPOST /auth/login [32m200[0m 263.732 ms - 790[0m
[0mGET /cart [32m200[0m 14.882 ms - 161[0m
(node:19836) DeprecationWarning: Calling 
client.query() when the client is already 
executing a query is deprecated and will be 
removed in pg@9.0. Use async/await or an 
external async flow control mechanism instead.
[0mPOST /auth/register [32m201[0m 285.334 ms - 806[0m
PASS src/tests/checkout.test.ts
  ÔùÅ Console

    console.log
      [dotenv@17.3.1] injecting env (18) from 
.env -- tip: ÔÜí´©Å secrets for agents: 
https://dotenvx.com/as2

      at _log 
(node_modules/dotenv/lib/main.js:139:11)

    console.log
      [dotenv@17.3.1] injecting env (0) from 
.env -- tip: ÔÜÖ´©Å  enable debug logging with 
{ debug: true }

      at _log 
(node_modules/dotenv/lib/main.js:139:11)

    console.log
      [dotenv@17.3.1] injecting env (0) from 
.env -- tip: ÔÜÖ´©Å  enable debug logging with 
{ debug: true }

      at _log 
(node_modules/dotenv/lib/main.js:139:11)

    console.log
      [dotenv@17.3.1] injecting env (0) from 
.env -- tip: ÔÜÖ´©Å  specify custom .env file 
path with { path: '/custom/path/.env' }

      at _log 
(node_modules/dotenv/lib/main.js:139:11)

    console.log
      [dotenv@17.3.1] injecting env (0) from 
.env -- tip: ÔÜÖ´©Å  specify custom .env file 
path with { path: '/custom/path/.env' }

      at _log 
(node_modules/dotenv/lib/main.js:139:11)

    console.log
      [dotenv@17.3.1] injecting env (0) from 
.env -- tip: ÔÜí´©Å secrets for agents: 
https://dotenvx.com/as2

      at _log 
(node_modules/dotenv/lib/main.js:139:11)

    console.error
      ValidationError: A Store instance must 
not be shared across multiple rate limiters. 
Create a new instance of MemoryStore for each 
limiter instead. See https://express-rate-limit
.github.io/ERR_ERL_STORE_REUSE/ for more 
information.
          at Object.unsharedStore (D:\Ecommerce
BackendAPI\ecommerce-api\node_modules\express-r
ate-limit\dist\index.cjs:411:13)
          at 
Object.wrappedValidations.<computed> [as 
unsharedStore] (D:\EcommerceBackendAPI\ecommerc
e-api\node_modules\express-rate-limit\dist\inde
x.cjs:685:22)
          at rateLimit (D:\EcommerceBackendAPI\
ecommerce-api\node_modules\express-rate-limit\d
ist\index.cjs:839:22)
          at Object.<anonymous> (D:\EcommerceBa
ckendAPI\ecommerce-api\src\middlewares\rateLimi
ter.ts:33:42)
          at Runtime._execModule (D:\EcommerceB
ackendAPI\ecommerce-api\node_modules\jest-runti
me\build\index.js:1264:24)
          at Runtime._loadModule (D:\EcommerceB
ackendAPI\ecommerce-api\node_modules\jest-runti
me\build\index.js:940:12)
          at Runtime.requireModule (D:\Ecommerc
eBackendAPI\ecommerce-api\node_modules\jest-run
time\build\index.js:828:12)
          at Runtime.requireModuleOrMock (D:\Ec
ommerceBackendAPI\ecommerce-api\node_modules\je
st-runtime\build\index.js:960:21)
          at Object.<anonymous> (D:\EcommerceBa
ckendAPI\ecommerce-api\src\modules\auth\auth.se
rvice.ts:18:1)
          at Runtime._execModule (D:\EcommerceB
ackendAPI\ecommerce-api\node_modules\jest-runti
me\build\index.js:1264:24)
          at Runtime._loadModule (D:\EcommerceB
ackendAPI\ecommerce-api\node_modules\jest-runti
me\build\index.js:940:12)
          at Runtime.requireModule (D:\Ecommerc
eBackendAPI\ecommerce-api\node_modules\jest-run
time\build\index.js:828:12)
          at Runtime.requireModuleOrMock (D:\Ec
ommerceBackendAPI\ecommerce-api\node_modules\je
st-runtime\build\index.js:960:21)
          at Object.<anonymous> (D:\EcommerceBa
ckendAPI\ecommerce-api\src\modules\auth\auth.co
ntroller.ts:12:1)
          at Runtime._execModule (D:\EcommerceB
ackendAPI\ecommerce-api\node_modules\jest-runti
me\build\index.js:1264:24)
          at Runtime._loadModule (D:\EcommerceB
ackendAPI\ecommerce-api\node_modules\jest-runti
me\build\index.js:940:12)
          at Runtime.requireModule (D:\Ecommerc
eBackendAPI\ecommerce-api\node_modules\jest-run
time\build\index.js:828:12)
          at Runtime.requireModuleOrMock (D:\Ec
ommerceBackendAPI\ecommerce-api\node_modules\je
st-runtime\build\index.js:960:21)
          at Object.<anonymous> (D:\EcommerceBa
ckendAPI\ecommerce-api\src\routes.ts:25:1)
          at Runtime._execModule (D:\EcommerceB
ackendAPI\ecommerce-api\node_modules\jest-runti
me\build\index.js:1264:24)
          at Runtime._loadModule (D:\EcommerceB
ackendAPI\ecommerce-api\node_modules\jest-runti
me\build\index.js:940:12)
          at Runtime.requireModule (D:\Ecommerc
eBackendAPI\ecommerce-api\node_modules\jest-run
time\build\index.js:828:12)
          at Runtime.requireModuleOrMock (D:\Ec
ommerceBackendAPI\ecommerce-api\node_modules\je
st-runtime\build\index.js:960:21)
          at Object.<anonymous> (D:\EcommerceBa
ckendAPI\ecommerce-api\src\app.ts:8:1)
          at Runtime._execModule (D:\EcommerceB
ackendAPI\ecommerce-api\node_modules\jest-runti
me\build\index.js:1264:24)
          at Runtime._loadModule (D:\EcommerceB
ackendAPI\ecommerce-api\node_modules\jest-runti
me\build\index.js:940:12)
          at Runtime.requireModule (D:\Ecommerc
eBackendAPI\ecommerce-api\node_modules\jest-run
time\build\index.js:828:12)
          at Runtime.requireModuleOrMock (D:\Ec
ommerceBackendAPI\ecommerce-api\node_modules\je
st-runtime\build\index.js:960:21)
          at Object.<anonymous> (D:\EcommerceBa
ckendAPI\ecommerce-api\src\tests\testHelpers.ts
:3:1)
          at Runtime._execModule (D:\EcommerceB
ackendAPI\ecommerce-api\node_modules\jest-runti
me\build\index.js:1264:24)
          at Runtime._loadModule (D:\EcommerceB
ackendAPI\ecommerce-api\node_modules\jest-runti
me\build\index.js:940:12)
          at Runtime.requireModule (D:\Ecommerc
eBackendAPI\ecommerce-api\node_modules\jest-run
time\build\index.js:828:12)
          at Runtime.requireModuleOrMock (D:\Ec
ommerceBackendAPI\ecommerce-api\node_modules\je
st-runtime\build\index.js:960:21)
          at Object.<anonymous> (D:\EcommerceBa
ckendAPI\ecommerce-api\src\tests\checkout.test.
ts:2:1)
          at Runtime._execModule (D:\EcommerceB
ackendAPI\ecommerce-api\node_modules\jest-runti
me\build\index.js:1264:24)
          at Runtime._loadModule (D:\EcommerceB
ackendAPI\ecommerce-api\node_modules\jest-runti
me\build\index.js:940:12)
          at Runtime.requireModule (D:\Ecommerc
eBackendAPI\ecommerce-api\node_modules\jest-run
time\build\index.js:828:12)
          at jestAdapter (D:\EcommerceBackendAP
I\ecommerce-api\node_modules\jest-circus\build\
runner.js:95:13)
          at runTestInternal (D:\EcommerceBacke
ndAPI\ecommerce-api\node_modules\jest-runner\bu
ild\index.js:275:16)
          at runTest (D:\EcommerceBackendAPI\ec
ommerce-api\node_modules\jest-runner\build\inde
x.js:343:7) {
        code: 'ERR_ERL_STORE_REUSE',
        help: 'https://express-rate-limit.githu
b.io/ERR_ERL_STORE_REUSE/'
      }

    [0m [90m 31 |[39m
     [90m 32 |[39m [90m// Stricter limiter 
specifically for login[39m
    [31m[1m>[22m[39m[90m 33 |[39m 
[36mexport[39m [36mconst[39m 
loginRateLimiter [33m=[39m rateLimit({
     [90m    |[39m                           
               [31m[1m^[22m[39m
     [90m 34 |[39m   windowMs[33m:[39m 
[35m15[39m [33m*[39m [35m60[39m 
[33m*[39m [35m1000[39m[33m,[39m
     [90m 35 |[39m   max[33m:[39m 
[35m10[39m[33m,[39m
     [90m 36 |[39m   
standardHeaders[33m:[39m 
[36mtrue[39m[33m,[39m[0m

      at Object.wrappedValidations.<computed> 
[as unsharedStore] (node_modules/express-rate-l
imit/dist/index.cjs:691:24)
      at rateLimit (node_modules/express-rate-l
imit/dist/index.cjs:839:22)
      at Object.<anonymous> 
(src/middlewares/rateLimiter.ts:33:42)
      at Object.<anonymous> 
(src/modules/auth/auth.service.ts:18:1)
      at Object.<anonymous> 
(src/modules/auth/auth.controller.ts:12:1)
      at Object.<anonymous> 
(src/routes.ts:25:1)
      at Object.<anonymous> (src/app.ts:8:1)
      at Object.<anonymous> 
(src/tests/testHelpers.ts:3:1)
      at Object.<anonymous> 
(src/tests/checkout.test.ts:2:1)

    console.warn
      Webhook received for unknown reference: 
MOCK-REF-123

    [0m [90m 194 |[39m
     [90m 195 |[39m     [36mif[39m 
([33m![39morder) {
    [31m[1m>[22m[39m[90m 196 |[39m       
console[33m.[39mwarn([32m`Webhook received 
for unknown reference: 
${reference}`[39m)[33m;[39m
     [90m     |[39m               
[31m[1m^[22m[39m
     [90m 197 |[39m       
[36mreturn[39m[33m;[39m
     [90m 198 |[39m     }
     [90m 199 |[39m[0m

      at OrdersService.handleWebhook 
(src/modules/orders/orders.service.ts:196:15)
      at PaymentsController.handleWebhook (src/
modules/payments/payments.controller.ts:59:7)
      at ExpressTemplateService.apiHandler (nod
e_modules/@tsoa/runtime/src/routeGeneration/tem
plates/express/expressTemplateService.ts:37:20)
      at PaymentsController_handleWebhook 
(src/routes.ts:1345:15)

[0mPOST /auth/login [32m200[0m 318.932 ms - 806[0m
[0mPOST /orders/checkout [33m400[0m 10.082 ms - 163[0m
[0mPOST /payments/webhook [32m200[0m 6.382 ms - -[0m
(node:19836) DeprecationWarning: Calling 
client.query() when the client is already 
executing a query is deprecated and will be 
removed in pg@9.0. Use async/await or an 
external async flow control mechanism instead.
PASS src/tests/products.test.ts
  ÔùÅ Console

    console.log
      [dotenv@17.3.1] injecting env (18) from 
.env -- tip: ƒñû agentic secret storage: 
https://dotenvx.com/as2

      at _log 
(node_modules/dotenv/lib/main.js:139:11)

    console.log
      [dotenv@17.3.1] injecting env (0) from 
.env -- tip: ƒöÉ encrypt with Dotenvx: 
https://dotenvx.com

      at _log 
(node_modules/dotenv/lib/main.js:139:11)

    console.log
      [dotenv@17.3.1] injecting env (0) from 
.env -- tip: ƒøí´©Å auth for agents: 
https://vestauth.com

      at _log 
(node_modules/dotenv/lib/main.js:139:11)

    console.log
      [dotenv@17.3.1] injecting env (0) from 
.env -- tip: ƒöÉ prevent committing .env to 
code: https://dotenvx.com/precommit

      at _log 
(node_modules/dotenv/lib/main.js:139:11)

    console.log
      [dotenv@17.3.1] injecting env (0) from 
.env -- tip: ÔÜÖ´©Å  override existing env 
vars with { override: true }

      at _log 
(node_modules/dotenv/lib/main.js:139:11)

    console.log
      [dotenv@17.3.1] injecting env (0) from 
.env -- tip: ƒñû agentic secret storage: 
https://dotenvx.com/as2

      at _log 
(node_modules/dotenv/lib/main.js:139:11)

    console.error
      ValidationError: A Store instance must 
not be shared across multiple rate limiters. 
Create a new instance of MemoryStore for each 
limiter instead. See https://express-rate-limit
.github.io/ERR_ERL_STORE_REUSE/ for more 
information.
          at Object.unsharedStore (D:\Ecommerce
BackendAPI\ecommerce-api\node_modules\express-r
ate-limit\dist\index.cjs:411:13)
          at 
Object.wrappedValidations.<computed> [as 
unsharedStore] (D:\EcommerceBackendAPI\ecommerc
e-api\node_modules\express-rate-limit\dist\inde
x.cjs:685:22)
          at rateLimit (D:\EcommerceBackendAPI\
ecommerce-api\node_modules\express-rate-limit\d
ist\index.cjs:839:22)
          at Object.<anonymous> (D:\EcommerceBa
ckendAPI\ecommerce-api\src\middlewares\rateLimi
ter.ts:33:42)
          at Runtime._execModule (D:\EcommerceB
ackendAPI\ecommerce-api\node_modules\jest-runti
me\build\index.js:1264:24)
          at Runtime._loadModule (D:\EcommerceB
ackendAPI\ecommerce-api\node_modules\jest-runti
me\build\index.js:940:12)
          at Runtime.requireModule (D:\Ecommerc
eBackendAPI\ecommerce-api\node_modules\jest-run
time\build\index.js:828:12)
          at Runtime.requireModuleOrMock (D:\Ec
ommerceBackendAPI\ecommerce-api\node_modules\je
st-runtime\build\index.js:960:21)
          at Object.<anonymous> (D:\EcommerceBa
ckendAPI\ecommerce-api\src\modules\auth\auth.se
rvice.ts:18:1)
          at Runtime._execModule (D:\EcommerceB
ackendAPI\ecommerce-api\node_modules\jest-runti
me\build\index.js:1264:24)
          at Runtime._loadModule (D:\EcommerceB
ackendAPI\ecommerce-api\node_modules\jest-runti
me\build\index.js:940:12)
          at Runtime.requireModule (D:\Ecommerc
eBackendAPI\ecommerce-api\node_modules\jest-run
time\build\index.js:828:12)
          at Runtime.requireModuleOrMock (D:\Ec
ommerceBackendAPI\ecommerce-api\node_modules\je
st-runtime\build\index.js:960:21)
          at Object.<anonymous> (D:\EcommerceBa
ckendAPI\ecommerce-api\src\modules\auth\auth.co
ntroller.ts:12:1)
          at Runtime._execModule (D:\EcommerceB
ackendAPI\ecommerce-api\node_modules\jest-runti
me\build\index.js:1264:24)
          at Runtime._loadModule (D:\EcommerceB
ackendAPI\ecommerce-api\node_modules\jest-runti
me\build\index.js:940:12)
          at Runtime.requireModule (D:\Ecommerc
eBackendAPI\ecommerce-api\node_modules\jest-run
time\build\index.js:828:12)
          at Runtime.requireModuleOrMock (D:\Ec
ommerceBackendAPI\ecommerce-api\node_modules\je
st-runtime\build\index.js:960:21)
          at Object.<anonymous> (D:\EcommerceBa
ckendAPI\ecommerce-api\src\routes.ts:25:1)
          at Runtime._execModule (D:\EcommerceB
ackendAPI\ecommerce-api\node_modules\jest-runti
me\build\index.js:1264:24)
          at Runtime._loadModule (D:\EcommerceB
ackendAPI\ecommerce-api\node_modules\jest-runti
me\build\index.js:940:12)
          at Runtime.requireModule (D:\Ecommerc
eBackendAPI\ecommerce-api\node_modules\jest-run
time\build\index.js:828:12)
          at Runtime.requireModuleOrMock (D:\Ec
ommerceBackendAPI\ecommerce-api\node_modules\je
st-runtime\build\index.js:960:21)
          at Object.<anonymous> (D:\EcommerceBa
ckendAPI\ecommerce-api\src\app.ts:8:1)
          at Runtime._execModule (D:\EcommerceB
ackendAPI\ecommerce-api\node_modules\jest-runti
me\build\index.js:1264:24)
          at Runtime._loadModule (D:\EcommerceB
ackendAPI\ecommerce-api\node_modules\jest-runti
me\build\index.js:940:12)
          at Runtime.requireModule (D:\Ecommerc
eBackendAPI\ecommerce-api\node_modules\jest-run
time\build\index.js:828:12)
          at Runtime.requireModuleOrMock (D:\Ec
ommerceBackendAPI\ecommerce-api\node_modules\je
st-runtime\build\index.js:960:21)
          at Object.<anonymous> (D:\EcommerceBa
ckendAPI\ecommerce-api\src\tests\testHelpers.ts
:3:1)
          at Runtime._execModule (D:\EcommerceB
ackendAPI\ecommerce-api\node_modules\jest-runti
me\build\index.js:1264:24)
          at Runtime._loadModule (D:\EcommerceB
ackendAPI\ecommerce-api\node_modules\jest-runti
me\build\index.js:940:12)
          at Runtime.requireModule (D:\Ecommerc
eBackendAPI\ecommerce-api\node_modules\jest-run
time\build\index.js:828:12)
          at Runtime.requireModuleOrMock (D:\Ec
ommerceBackendAPI\ecommerce-api\node_modules\je
st-runtime\build\index.js:960:21)
          at Object.<anonymous> (D:\EcommerceBa
ckendAPI\ecommerce-api\src\tests\products.test.
ts:2:1)
          at Runtime._execModule (D:\EcommerceB
ackendAPI\ecommerce-api\node_modules\jest-runti
me\build\index.js:1264:24)
          at Runtime._loadModule (D:\EcommerceB
ackendAPI\ecommerce-api\node_modules\jest-runti
me\build\index.js:940:12)
          at Runtime.requireModule (D:\Ecommerc
eBackendAPI\ecommerce-api\node_modules\jest-run
time\build\index.js:828:12)
          at jestAdapter (D:\EcommerceBackendAP
I\ecommerce-api\node_modules\jest-circus\build\
runner.js:95:13)
          at runTestInternal (D:\EcommerceBacke
ndAPI\ecommerce-api\node_modules\jest-runner\bu
ild\index.js:275:16)
          at runTest (D:\EcommerceBackendAPI\ec
ommerce-api\node_modules\jest-runner\build\inde
x.js:343:7) {
        code: 'ERR_ERL_STORE_REUSE',
        help: 'https://express-rate-limit.githu
b.io/ERR_ERL_STORE_REUSE/'
      }

    [0m [90m 31 |[39m
     [90m 32 |[39m [90m// Stricter limiter 
specifically for login[39m
    [31m[1m>[22m[39m[90m 33 |[39m 
[36mexport[39m [36mconst[39m 
loginRateLimiter [33m=[39m rateLimit({
     [90m    |[39m                           
               [31m[1m^[22m[39m
     [90m 34 |[39m   windowMs[33m:[39m 
[35m15[39m [33m*[39m [35m60[39m 
[33m*[39m [35m1000[39m[33m,[39m
     [90m 35 |[39m   max[33m:[39m 
[35m10[39m[33m,[39m
     [90m 36 |[39m   
standardHeaders[33m:[39m 
[36mtrue[39m[33m,[39m[0m

      at Object.wrappedValidations.<computed> 
[as unsharedStore] (node_modules/express-rate-l
imit/dist/index.cjs:691:24)
      at rateLimit (node_modules/express-rate-l
imit/dist/index.cjs:839:22)
      at Object.<anonymous> 
(src/middlewares/rateLimiter.ts:33:42)
      at Object.<anonymous> 
(src/modules/auth/auth.service.ts:18:1)
      at Object.<anonymous> 
(src/modules/auth/auth.controller.ts:12:1)
      at Object.<anonymous> 
(src/routes.ts:25:1)
      at Object.<anonymous> (src/app.ts:8:1)
      at Object.<anonymous> 
(src/tests/testHelpers.ts:3:1)
      at Object.<anonymous> 
(src/tests/products.test.ts:2:1)


Test Suites: 5 failed, 1 skipped, 4 passed, 9 
of 10 total
Tests:       5 failed, 3 skipped, 23 passed, 
31 total
Snapshots:   0 total
Time:        19.561 s, estimated 27 s
Ran all test suites.
[0mGET /products [32m200[0m 6.852 ms - 56[0m
[0mGET /products/00000000-0000-0000-0000-000000000000 [33m404[0m 3.222 ms - 160[0m
