
> ecommerce-api@1.0.0 test
> jest --runInBand

[0mPOST /auth/register [32m201[0m 485.020 ms - 798[0m
[0mPOST /auth/login [32m200[0m 334.442 ms - 798[0m
[0mPOST /auth/login [32m200[0m 304.198 ms - 787[0m
[0mPOST /auth/register [32m201[0m 332.607 ms - 809[0m
[0mPOST /auth/login [32m200[0m 285.353 ms - 809[0m
[0mGET /admin/users [32m200[0m 7.664 ms - 427[0m
[0mGET /admin/users [33m403[0m 3.239 ms - 123[0m
[0mPOST /admin/users/a7b8abc6-0731-46e6-920c-89c8cbf0d5cf/status [33m403[0m 4.767 ms - 167[0m
[0mGET /admin/orders [33m403[0m 6.020 ms - 124[0m
[0mGET /admin/inventory/low-stock [33m403[0m 3.221 ms - 137[0m
[0mGET /admin/analytics [33m403[0m 3.801 ms - 127[0m
[0mPOST /admin/products/00000000-0000-0000-0000-000000000000/moderate [33m403[0m 5.742 ms - 172[0m
[0mPOST /auth/register [32m201[0m 339.739 ms - 795[0m
[0mPOST /auth/login [32m200[0m 331.734 ms - 795[0m
[0mPOST /auth/login [32m200[0m 310.236 ms - 784[0m
[0mPOST /auth/register [32m201[0m 292.782 ms - 790[0m
[0mPOST /auth/login [32m200[0m 305.973 ms - 790[0m
[0mPOST /categories [32m201[0m 22.056 ms - 120[0m
[0mPOST /categories [33m403[0m 3.803 ms - 122[0m
[0mGET /categories [32m200[0m 3.486 ms - 2[0m
[0mGET /categories/ba6d6ffb-93b1-41df-8a37-016489e45698 [33m404[0m 2.910 ms - 163[0m
[0mPUT /categories/ba6d6ffb-93b1-41df-8a37-016489e45698 [33m403[0m 2.866 ms - 159[0m
[0mDELETE /categories/ba6d6ffb-93b1-41df-8a37-016489e45698 [33m403[0m 3.009 ms - 159[0m
[0mPOST /auth/register [32m201[0m 323.441 ms - 787[0m
[0mPOST /auth/login [32m200[0m 307.483 ms - 787[0m
[0mPOST /auth/register [32m201[0m 305.962 ms - 795[0m
[0mPOST /auth/login [32m200[0m 291.413 ms - 795[0m
[0mPOST /vendors/onboarding/paystack [33m404[0m 0.849 ms - 167[0m
[0mGET /vendors/me/dashboard [33m404[0m 0.661 ms - 159[0m
[0mPOST /auth/register [32m201[0m 328.285 ms - 784[0m
[0mPOST /auth/login [32m200[0m 300.726 ms - 784[0m
[0mPOST /social/friends/request [33m422[0m 4.232 ms - 294[0m
[0mGET /social/friends/requests [33m403[0m 3.149 ms - 135[0m
[0mGET /social/friends [33m403[0m 3.153 ms - 126[0m
[0mPOST /auth/register [32m201[0m 361.329 ms - 790[0m
[0mPOST /auth/login [32m200[0m 345.724 ms - 790[0m
[0mPOST /uploads/presign [33m422[0m 4.023 ms - 533[0m
[0mPOST /uploads/presign [33m401[0m 0.633 ms - 154[0m
[0mPOST /auth/register [32m201[0m 329.840 ms - 797[0m
[0mPOST /auth/register [32m201[0m 324.726 ms - 797[0m
[0mPOST /auth/login [32m200[0m 303.588 ms - 797[0m
[0mPOST /auth/login [33m401[0m 3.273 ms - 133[0m
[0mPOST /auth/register [32m201[0m 341.170 ms - 806[0m
[0mPOST /auth/login [32m200[0m 333.167 ms - 806[0m
[0mPOST /orders/checkout [33m400[0m 10.786 ms - 163[0m
[0mPOST /payments/webhook [32m200[0m 9.046 ms - -[0m
[0mPOST /auth/register [32m201[0m 337.309 ms - 790[0m
[0mPOST /auth/login [32m200[0m 304.455 ms - 790[0m
[0mGET /cart [32m200[0m 17.484 ms - 161[0m
[0mGET /products [32m200[0m 10.408 ms - 56[0m
[0mGET /products/00000000-0000-0000-0000-000000000000 [33m404[0m 4.895 ms - 160[0m
