node.exe : (node:10172) DeprecationWarning: Calling client.query() when the 
client is already executing a query is deprecated and will be removed in pg@9.0. 
Use async/await or an external async flow control mechanism instead.
At line:1 char:1
+ & "C:\Program Files\nodejs/node.exe" "C:\Users\BOAKYE\AppData\Roaming ...
+ ~~~~~~~~~~~~~~~~~~~~~~~~~~~~~~~~~~~~~~~~~~~~~~~~~~~~~~~~~~~~~~~~~~~~~
    + CategoryInfo          : NotSpecified: ((node:10172) De...hanism instead.:St 
   ring) [], RemoteException
    + FullyQualifiedErrorId : NativeCommandError
 
(Use `node --trace-deprecation ...` to show where the warning was created)
[0mPOST /auth/register [32m201[0m 363.161 ms - 677[0m
[0mPOST /auth/register [32m201[0m 307.415 ms - 677[0m
[0mPOST /auth/login [33m409[0m 305.039 ms - 147[0m
[0mPOST /auth/login [33m401[0m 4.416 ms - 133[0m
FAIL src/tests/auth.test.ts (6.48 s)
  ÔùÅ Console

    console.log
      [dotenv@17.3.1] injecting env (18) from .env -- tip: ƒöÉ prevent committing 
.env to code: https://dotenvx.com/precommit

      at _log (node_modules/dotenv/lib/main.js:139:11)

    console.log
      [dotenv@17.3.1] injecting env (0) from .env -- tip: ÔÜÖ´©Å  override 
existing env vars with { override: true }

      at _log (node_modules/dotenv/lib/main.js:139:11)

    console.log
      [dotenv@17.3.1] injecting env (0) from .env -- tip: ÔÜÖ´©Å  specify custom 
.env file path with { path: '/custom/path/.env' }

      at _log (node_modules/dotenv/lib/main.js:139:11)

    console.log
      [dotenv@17.3.1] injecting env (0) from .env -- tip: ƒöÉ encrypt with 
Dotenvx: https://dotenvx.com

      at _log (node_modules/dotenv/lib/main.js:139:11)

    console.log
      [dotenv@17.3.1] injecting env (0) from .env -- tip: ƒøí´©Å auth for agents: 
https://vestauth.com

      at _log (node_modules/dotenv/lib/main.js:139:11)

    console.log
      [dotenv@17.3.1] injecting env (0) from .env -- tip: ÔÜÖ´©Å  override 
existing env vars with { override: true }

      at _log (node_modules/dotenv/lib/main.js:139:11)

  ÔùÅ Auth API Integration Tests ÔÇ║ should login and return an access token

    expect(received).toBe(expected) // Object.is equality

    Expected: 200
    Received: 409

    [0m [90m 35 |[39m       })[33m;[39m
     [90m 36 |[39m
    [31m[1m>[22m[39m[90m 37 |[39m     
expect(res[33m.[39mstatus)[33m.[39mtoBe([35m200[39m)[33m;[39m
     [90m    |[39m                        [31m[1m^[22m[39m
     [90m 38 |[39m     expect(res[33m.[39mbody)[33m.[39mtoHaveProperty([32m
'accessToken'[39m)[33m;[39m
     [90m 39 |[39m     expect(res[33m.[39mbody[33m.[39muser[33m.[39memail)
[33m.[39mtoBe(testUser[33m.[39memail)[33m;[39m
     [90m 40 |[39m   })[33m;[39m[0m

      at Object.<anonymous> (src/tests/auth.test.ts:37:24)

(node:10172) DeprecationWarning: Calling client.query() when the client is 
already executing a query is deprecated and will be removed in pg@9.0. Use 
async/await or an external async flow control mechanism instead.
[0mPOST /auth/register [32m201[0m 371.214 ms - 670[0m
[0mPOST /auth/login [33m409[0m 345.812 ms - 147[0m
[0mGET /cart [33m401[0m 1.088 ms - 126[0m
FAIL src/tests/cart.test.ts
  ÔùÅ Console

    console.log
      [dotenv@17.3.1] injecting env (18) from .env -- tip: ÔÜÖ´©Å  suppress all 
logs with { quiet: true }

      at _log (node_modules/dotenv/lib/main.js:139:11)

    console.log
      [dotenv@17.3.1] injecting env (0) from .env -- tip: ÔÜÖ´©Å  load multiple 
.env files with { path: ['.env.local', '.env'] }

      at _log (node_modules/dotenv/lib/main.js:139:11)

    console.log
      [dotenv@17.3.1] injecting env (0) from .env -- tip: ƒøá´©Å  run anywhere 
with `dotenvx run -- yourcommand`

      at _log (node_modules/dotenv/lib/main.js:139:11)

    console.log
      [dotenv@17.3.1] injecting env (0) from .env -- tip: ÔÜÖ´©Å  load multiple 
.env files with { path: ['.env.local', '.env'] }

      at _log (node_modules/dotenv/lib/main.js:139:11)

    console.log
      [dotenv@17.3.1] injecting env (0) from .env -- tip: ƒöÉ prevent committing 
.env to code: https://dotenvx.com/precommit

      at _log (node_modules/dotenv/lib/main.js:139:11)

    console.log
      [dotenv@17.3.1] injecting env (0) from .env -- tip: ÔÜÖ´©Å  write to custom 
object with { processEnv: myObject }

      at _log (node_modules/dotenv/lib/main.js:139:11)

  ÔùÅ Cart API Integration Tests ÔÇ║ should fetch an empty cart initially

    expect(received).toBe(expected) // Object.is equality

    Expected: 200
    Received: 401

    [0m [90m 16 |[39m       
[33m.[39m[36mset[39m([32m'Authorization'[39m[33m,[39m [32m`Bearer 
${token}`[39m)[33m;[39m
     [90m 17 |[39m       
    [31m[1m>[22m[39m[90m 18 |[39m     
expect(res[33m.[39mstatus)[33m.[39mtoBe([35m200[39m)[33m;[39m
     [90m    |[39m                        [31m[1m^[22m[39m
     [90m 19 |[39m     
expect(res[33m.[39mbody[33m.[39mitems)[33m.[39mtoBeDefined()[33m;[39m
     [90m 20 |[39m     expect(res[33m.[39mbody[33m.[39mitems[33m.[39mlengt
h)[33m.[39mtoBe([35m0[39m)[33m;[39m
     [90m 21 |[39m   })[33m;[39m[0m

      at Object.<anonymous> (src/tests/cart.test.ts:18:24)

(node:10172) DeprecationWarning: Calling client.query() when the client is 
already executing a query is deprecated and will be removed in pg@9.0. Use 
async/await or an external async flow control mechanism instead.
[0mPOST /auth/register [32m201[0m 361.438 ms - 686[0m
[0mPOST /auth/login [32m200[0m 313.904 ms - 686[0m
[0mPOST /orders/checkout [33m400[0m 16.196 ms - 163[0m
[0mPOST /payments/webhook [32m200[0m 12.782 ms - -[0m
PASS src/tests/checkout.test.ts
  ÔùÅ Console

    console.log
      [dotenv@17.3.1] injecting env (18) from .env -- tip: ƒöÉ prevent committing 
.env to code: https://dotenvx.com/precommit

      at _log (node_modules/dotenv/lib/main.js:139:11)

    console.log
      [dotenv@17.3.1] injecting env (0) from .env -- tip: ƒøí´©Å auth for agents: 
https://vestauth.com

      at _log (node_modules/dotenv/lib/main.js:139:11)

    console.log
      [dotenv@17.3.1] injecting env (0) from .env -- tip: ÔÜÖ´©Å  suppress all 
logs with { quiet: true }

      at _log (node_modules/dotenv/lib/main.js:139:11)

    console.log
      [dotenv@17.3.1] injecting env (0) from .env -- tip: ÔÜÖ´©Å  write to custom 
object with { processEnv: myObject }

      at _log (node_modules/dotenv/lib/main.js:139:11)

    console.log
      [dotenv@17.3.1] injecting env (0) from .env -- tip: ƒñû agentic secret 
storage: https://dotenvx.com/as2

      at _log (node_modules/dotenv/lib/main.js:139:11)

    console.log
      [dotenv@17.3.1] injecting env (0) from .env -- tip: ÔÜÖ´©Å  write to custom 
object with { processEnv: myObject }

      at _log (node_modules/dotenv/lib/main.js:139:11)

    console.warn
      Webhook received for unknown reference: MOCK-REF-123

    [0m [90m 194 |[39m
     [90m 195 |[39m     [36mif[39m ([33m![39morder) {
    [31m[1m>[22m[39m[90m 196 |[39m       
console[33m.[39mwarn([32m`Webhook received for unknown reference: 
${reference}`[39m)[33m;[39m
     [90m     |[39m               [31m[1m^[22m[39m
     [90m 197 |[39m       [36mreturn[39m[33m;[39m
     [90m 198 |[39m     }
     [90m 199 |[39m[0m

      at OrdersService.handleWebhook (src/modules/orders/orders.service.ts:196:15)
      at PaymentsController.handleWebhook 
(src/modules/payments/payments.controller.ts:59:7)
      at ExpressTemplateService.apiHandler (node_modules/@tsoa/runtime/src/routeGe
neration/templates/express/expressTemplateService.ts:37:20)
      at PaymentsController_handleWebhook (src/routes.ts:1345:15)

(node:10172) DeprecationWarning: Calling client.query() when the client is 
already executing a query is deprecated and will be removed in pg@9.0. Use 
async/await or an external async flow control mechanism instead.
[0mGET /products [32m200[0m 11.868 ms - 56[0m
[0mGET /products/00000000-0000-0000-0000-000000000000 [33m404[0m 4.211 ms - 160[0m
PASS src/tests/products.test.ts
  ÔùÅ Console

    console.log
      [dotenv@17.3.1] injecting env (18) from .env -- tip: ÔÜÖ´©Å  specify custom 
.env file path with { path: '/custom/path/.env' }

      at _log (node_modules/dotenv/lib/main.js:139:11)

    console.log
      [dotenv@17.3.1] injecting env (0) from .env -- tip: ÔÜÖ´©Å  specify custom 
.env file path with { path: '/custom/path/.env' }

      at _log (node_modules/dotenv/lib/main.js:139:11)

    console.log
      [dotenv@17.3.1] injecting env (0) from .env -- tip: ÔÜí´©Å secrets for 
agents: https://dotenvx.com/as2

      at _log (node_modules/dotenv/lib/main.js:139:11)

    console.log
      [dotenv@17.3.1] injecting env (0) from .env -- tip: ÔÜÖ´©Å  enable debug 
logging with { debug: true }

      at _log (node_modules/dotenv/lib/main.js:139:11)

    console.log
      [dotenv@17.3.1] injecting env (0) from .env -- tip: ÔÜÖ´©Å  load multiple 
.env files with { path: ['.env.local', '.env'] }

      at _log (node_modules/dotenv/lib/main.js:139:11)

    console.log
      [dotenv@17.3.1] injecting env (0) from .env -- tip: ÔÜÖ´©Å  override 
existing env vars with { override: true }

      at _log (node_modules/dotenv/lib/main.js:139:11)

(node:10172) DeprecationWarning: Calling client.query() when the client is 
already executing a query is deprecated and will be removed in pg@9.0. Use 
async/await or an external async flow control mechanism instead.
PASS src/tests/vendor.test.ts
  ÔùÅ Console

    console.log
      [dotenv@17.3.1] injecting env (18) from .env -- tip: ƒñû agentic secret 
storage: https://dotenvx.com/as2

      at _log (node_modules/dotenv/lib/main.js:139:11)

    console.log
      [dotenv@17.3.1] injecting env (0) from .env -- tip: ÔÜÖ´©Å  suppress all 
logs with { quiet: true }

      at _log (node_modules/dotenv/lib/main.js:139:11)


Test Suites: 2 failed, 3 passed, 5 total
Tests:       2 failed, 7 passed, 9 total
Snapshots:   0 total
Time:        12.432 s, estimated 13 s
Ran all test suites.
